>>> HI FITRA - MODE SIAGA OTOMATIS
>> TradingView Desktop sudah aktif + chart siap.
>> Chart OK: https://id.tradingview.com/chart/KGDsu1Hl/
>> Health check TradingView Desktop...
TradingView Desktop: TERHUBUNG
WebSocket: ws://127.0.0.1:9222/devtools/browser/c8cca206-4323-4b30-a4de-ffd0f3634aa5
Version: Chrome/140.0.7339.133
>> Pasang overlay POSISI LIVE...
Overlay FULL di-inject: strategi + jam/sesi + akun + misi + Plan A SELL 4655.0 + Plan B BUY 4545.0 + RR
>> Scan gabungan (D1/H4/H1/M15 + PINE)...
[1440] PINE:none | ANALYZER: trend=- sig=- ready=- candle=-
   SMC: BOS-B=N BOS-S=N CHoCH-B=N CHoCH-S=N | OB=no | FVG=tidak ada
[240] PINE:none | ANALYZER: trend=- sig=- ready=- candle=-
   SMC: BOS-B=N BOS-S=N CHoCH-B=N CHoCH-S=N | OB=no | FVG=tidak ada
[60] PINE:{"price":4615.38,"rsi":40.6,"sig":"FLAT","ready":0,"atr":20.15,"bar":299,"dt":"2026-07-27 07:00"} | ANALYZER: trend=- sig=- ready=- candle=-
   SMC: BOS-B=N BOS-S=N CHoCH-B=N CHoCH-S=N | OB=no | FVG=tidak ada
   bosLast: CHOCH-B@4507.8 2026-07-22 11:00 | BOS-B@4675.4 2026-07-24 17:00 | BOS-S@4641.3 2026-07-27 07:00
   boxes: 3993.5-4002.3 | 4353.0-4362.9 | 3993.5-4002.3
[30] PINE:{"price":4616.99,"rsi":39.3,"sig":"FLAT","ready":0,"atr":14.51,"bar":299,"dt":"2026-08-10 23:00"} | ANALYZER: trend=- sig=- ready=- candle=-
   SMC: BOS-B=N BOS-S=N CHoCH-B=N CHoCH-S=N | OB=no | FVG=tidak ada
   bosLast: BOS-B@4681.9 2026-08-10 09:00 | BOS-S@4641.3 2026-08-10 22:30 | BOS-S@4623.6 2026-08-10 23:00
   boxes: 4398.4-4405.8 | 4655.2-4660.7 | 4398.4-4405.8
[15] PINE:{"price":4618.515,"rsi":38,"sig":"FLAT","ready":0,"atr":10.11,"bar":299,"dt":"2026-08-18 06:15"} | ANALYZER: trend=- sig=- ready=- candle=-
   SMC: BOS-B=N BOS-S=N CHoCH-B=N CHoCH-S=N | OB=no | FVG=tidak ada
   bosLast: CHOCH-S@4641.3 2026-08-18 05:45 | CHOCH-S@4628.3 2026-08-18 06:00 | BOS-S@4623.6 2026-08-18 06:15
   boxes: 4402.6-4405.8 | 4655.2-4660.7 | 4402.6-4405.8

===== LAPORAN GABUNGAN INDICATOR PINE + ANALYZER =====
D1: PINE n/a
H4: PINE n/a
H1: PINE sig=FLAT ready=0 RSI7=40.6 harga=4615.38 (bar 299 2026-07-27 07:00)
M30: PINE sig=FLAT ready=0 RSI7=39.3 harga=4616.99 (bar 299 2026-08-10 23:00)
M15: PINE sig=FLAT ready=0 RSI7=38 harga=4618.515 (bar 299 2026-08-18 06:15)

Trend 4TF: D1=? H4=? H1=? M15=? (BENTUR)

===== SWING LIKUIDITAS & ZONA DISKON/PREMIUM =====
  SWEEP: H1: BOS-B swept di ATAS 4675.4 (harga 4615.4) -> likuiditas buy-side tersapu
  SWEEP: M15: BOS-B swept di ATAS 4636.5 (harga 4618.5) -> likuiditas buy-side tersapu
  RANGE H4/H1: tidak tersedia (swing belum terbentuk)

===== VERDICT GABUNGAN =====
SYARAT KONFLIK: D1=? vs H4=? SEARAH -> bias dipakai
>>> NO ENTRY — tidak ada sinyal valid (Pine=FLAT, analyzer ready max=0%). HANYA tunggu.
Overlay: plan manual aktif dipertahankan (XAU DOUBLE PLAN: SELL 4655 (premium) / BUY 4545 (diskon) - SWING 1:3/1:4) - scan tidak menimpa
>> Monitor limit v2 (baca overlay_plan.json + posisi.json)...
>> Monitor sudah jalan (PID 24548) - tidak diduplikasi.

>>> SIAP - semua otomatis sudah jalan.
>>> TV + overlay + scan + monitor: AKTIF otomatis.
