>>> HI FITRA - MODE SIAGA OTOMATIS
>> TradingView Desktop sudah aktif + chart siap.
>> Chart OK: https://id.tradingview.com/chart/KGDsu1Hl/
>> Health check TradingView Desktop...
TradingView Desktop: TERHUBUNG
WebSocket: ws://127.0.0.1:9222/devtools/browser/5b166785-70d2-4084-bc46-754404edde8d
Version: Chrome/140.0.7339.133
>> Pasang overlay...
Overlay terpasang - PATEN: SL struktural maks 20 pips | TP1 30-40+ (1:3) | TP2 40+ (1:4, situasional)
>> Scan gabungan (D1/H4/H1/M15 + PINE)...
[1440] PINE:{"price":4318.415,"rsi":59.9,"sig":"FLAT","ready":0,"atr":92.47,"bar":299,"dt":"2026-08-13 21:00"} | ANALYZER: trend=BULLISH sig=FLAT_OB_BEAR ready=0% candle=BEAR66% (ekor atas 21% / bawah 13%)
   SMC: BOS-B=Y BOS-S=N CHoCH-B=N CHoCH-S=N | OB=BEARISH 4229.9-4371.8 (dist 0.0) [DI DALAM OB] | FVG=BULLISH 4106.5-4223.5 | BRK=BREAKER_BULL 4076.8-4166.1 [dipakai]
   bosLast: BOS-B@4362.7 2026-08-11 21:00 | BOS-B@4343.6 2026-08-12 21:00 | BOS-B@4311.3 2026-08-13 21:00
   swing: 4120.5 | 3996.1
   boxes: 292.1-298.0 | 4280.4-4369.7 | 292.1-298.0
[240] PINE:{"price":4318.48,"rsi":29.6,"sig":"FLAT","ready":0,"atr":37.01,"bar":299,"dt":"2026-08-14 01:00"} | ANALYZER: trend=BEARISH sig=FLAT_OB_BEAR ready=0% candle=BEAR75% (ekor atas 1% / bawah 24%)
   SMC: BOS-B=N BOS-S=N CHoCH-B=N CHoCH-S=N | OB=BEARISH 4316.7-4364.8 (dist 0.0) [DI DALAM OB] | FVG=tidak ada | BRK=BREAKER_BEAR 4324.1-4350.1 [dipakai]
   FIBO: leg UP 4223.5->4449.8 | 38.2=4363.4 50=4336.7 61.8=4310.0 78.6=4271.9 | EXT 127.2=4511.4 161.8=4589.7 261.8=4816.0 | harga 4318.5
   bosLast: BOS-B@4393.8 2026-08-11 01:00 | BOS-B@4367.7 2026-08-11 09:00 | BOS-B@4382.5 2026-08-12 09:00
   swing: 4449.8 | 4435.2
   boxes: 4061.1-4094.8 | 4083.8-4116.2 | 4061.1-4094.8
[60] PINE:{"price":4318.56,"rsi":21.6,"sig":"FLAT","ready":0,"atr":17.34,"bar":299,"dt":"2026-08-14 03:00"} | ANALYZER: trend=BEARISH sig=FLAT_OB_BULL ready=0% candle=BULL56% (ekor atas 5% / bawah 39%)
   SMC: BOS-B=N BOS-S=N CHoCH-B=N CHoCH-S=N | OB=BULLISH 4312.2-4341.3 (dist 0.0) [DI DALAM OB] | FVG=BEARISH 4322.9-4329.4 | BRK=BREAKER_BULL 4380.9-4401.9 [dipakai]
   FIBO: leg UP 4343.6->4364.4 | 38.2=4356.5 50=4354.0 61.8=4351.6 78.6=4348.1 | EXT 127.2=4370.1 161.8=4377.3 261.8=4398.1 | harga 4318.6
   bosLast: BOS-S@4341.3 2026-08-14 01:00 | BOS-S@4322.9 2026-08-14 02:00 | BOS-S@4318.8 2026-08-14 03:00
   swing: 4364.4 | 4343.6
   boxes: 3993.5-4002.3 | 4353.0-4362.9 | 3993.5-4002.3
[15] PINE:{"price":4318.595,"rsi":36.1,"sig":"FLAT","ready":0,"atr":9.09,"bar":299,"dt":"2026-08-14 03:00"} | ANALYZER: trend=BEARISH sig=FLAT_OB_BEAR ready=0% candle=BULL57% (ekor atas 5% / bawah 39%)
   SMC: BOS-B=N BOS-S=N CHoCH-B=N CHoCH-S=N | OB=BEARISH 4311.6-4322.6 (dist 0.0) [DI DALAM OB] | FVG=BEARISH 4326.1-4329.4 | BRK=BREAKER_BULL 4356.0-4362.9 [dipakai]
   bosLast: BOS-S@4322.9 2026-08-14 02:00 | BOS-S@4318.4 2026-08-14 02:15 | BOS-S@4322.6 2026-08-14 02:30
   swing: 4311.3 | 4364.4
   boxes: 4402.6-4405.8 | 4353.1-4357.1 | 4402.6-4405.8

===== LAPORAN GABUNGAN INDICATOR PINE + ANALYZER =====
D1: PINE sig=FLAT ready=0 RSI7=59.9 harga=4318.415 (bar 299 2026-08-13 21:00)
H4: PINE sig=FLAT ready=0 RSI7=29.6 harga=4318.48 (bar 299 2026-08-14 01:00)
H1: PINE sig=FLAT ready=0 RSI7=21.6 harga=4318.56 (bar 299 2026-08-14 03:00)
M15: PINE sig=FLAT ready=0 RSI7=36.1 harga=4318.595 (bar 299 2026-08-14 03:00)

Trend 4TF: D1=BULLISH H4=BEARISH H1=BEARISH M15=BEARISH (BENTUR) | FILTER D1: H4 bertentangan dengan D1, hindari entry paksa

===== SWING LIKUIDITAS & ZONA DISKON/PREMIUM =====
  SWEEP: D1: BOS-B swept di ATAS 4343.6 (harga 4318.4) -> likuiditas buy-side tersapu
  SWEEP: H4: BOS-B swept di ATAS 4382.5 (harga 4318.5) -> likuiditas buy-side tersapu
  SWEEP: M15: BOS-S swept di BAWAH 4318.4 (harga 4318.6) -> likuiditas sell-side tersapu
  RANGE H4/H1: 4223.5 - 4449.8 | mid 4336.7 | harga 4318.6 = DISKON (setengah bawah) - bias BUY
  FILTER: FVG/OB BULLISH hanya valid jika ZONA DISKON | FVG/OB BEARISH hanya valid jika ZONA PREMIUM
  FIBO H4 (leg UP 4223.5->4449.8): 38.2=4363.4 50=4336.7 61.8=4310.0 78.6=4271.9 | harga 4318.6 = di atas 61.8, menuju DISKON (tunggu turun)

===== VERDICT GABUNGAN =====
SYARAT KONFLIK: D1=BULLISH vs H4=BEARISH BENTUR -> NO TRADE ZONE (tidak ada plan buy/sell, WAJIB tunggu)
>>> NO ENTRY — KONFLIK D1/H4 (no-trade zone). HANYA tunggu.
Overlay: tidak ada limit baru (status TUNGGU)
>> Monitor limit (auto jika entry.json ada)...
>> MONITOR LIMIT XAU: STARTED (log: monitor_limit_xau.log)

>>> SIAP - semua otomatis sudah jalan.
>>> TV + overlay + scan + monitor: AKTIF otomatis.
>>> HI FITRA - MODE SIAGA OTOMATIS
>> TradingView mati - menyalakan dengan remote debugging...
>> Chart OK: https://id.tradingview.com/chart/KGDsu1Hl/
>> Health check TradingView Desktop...
TradingView Desktop: TIDAK TERHUBUNG
Error: read ECONNRESET
Pastikan TradingView Desktop berjalan dengan --remote-debugging-port=9222
health: Command failed: node C:\HEBAT\tv_health_check.cjs
>> Pasang overlay...
connect ECONNREFUSED 127.0.0.1:9222
overlay: Command failed: node C:\HEBAT\overlay_entry.cjs
>> Scan gabungan (D1/H4/H1/M15 + PINE)...
connect ECONNREFUSED 127.0.0.1:9222
>> Monitor limit (auto jika entry.json ada)...
>> MONITOR LIMIT XAU: STARTED (log: monitor_limit_xau.log)

>>> SIAP - semua otomatis sudah jalan.
>>> TV + overlay + scan + monitor: AKTIF otomatis.
>>> HI FITRA - MODE SIAGA OTOMATIS
>> TradingView mati - menyalakan dengan remote debugging...
>> Chart OK: https://id.tradingview.com/chart/KGDsu1Hl/
>> Health check TradingView Desktop...
TradingView Desktop: TERHUBUNG
WebSocket: ws://127.0.0.1:9222/devtools/browser/949c705a-c376-4494-b637-1837355e2be6
Version: Chrome/140.0.7339.133
>> Pasang overlay...
Overlay terpasang - PATEN: SL struktural maks 20 pips | TP1 30-40+ (1:3) | TP2 40+ (1:4, situasional)
>> Scan gabungan (D1/H4/H1/M15 + PINE)...
[1440] PINE:{"price":4402.64,"rsi":58.5,"sig":"FLAT","ready":0,"atr":6.53,"bar":299,"dt":"2026-08-17 03:30"} | ANALYZER: trend=BULLISH sig=FLAT_OB_BEAR ready=0% candle=BULL46% (ekor atas 9% / bawah 45%)
   SMC: BOS-B=N BOS-S=N CHoCH-B=N CHoCH-S=N | OB=BEARISH 4392.0-4405.6 (dist 0.0) [DI DALAM OB] | FVG=tidak ada | BRK=BREAKER_BEAR 4393.7-4398.8 [dipakai]
   bosLast: BOS-B@4404.7 2026-08-16 23:45 | BOS-B@4403.5 2026-08-17 00:00 | BOS-B@4397.6 2026-08-17 00:15
   swing: 4406.0 | 4392.0
   boxes: 4402.6-4405.8 | 4353.1-4357.1 | 4402.6-4405.8
[240] PINE:{"price":4402.64,"rsi":71.7,"sig":"FLAT","ready":0,"atr":91.56,"bar":299,"dt":"2026-07-02 21:00"} | ANALYZER: trend=BULLISH sig=BUY_BOS ready=70% candle=BULL61% (ekor atas 28% / bawah 11%)
   SMC: BOS-B=Y BOS-S=N CHoCH-B=N CHoCH-S=N | OB=BULLISH 4343.6-4449.8 (dist 0.0) [DI DALAM OB] | FVG=BULLISH 4106.5-4223.5 | BRK=BREAKER_BULL 4076.8-4166.1 [dipakai]
   bosLast: BOS-B@4343.6 2026-06-30 21:00 | BOS-B@4311.0 2026-07-01 21:00 | BOS-B@4367.3 2026-07-02 21:00
   swing: 4120.5 | 3996.1
   boxes: 292.1-298.0 | 4280.4-4369.7 | 292.1-298.0
[60] PINE:{"price":4402.635,"rsi":60.8,"sig":"FLAT","ready":0,"atr":32.46,"bar":299,"dt":"2026-08-10 05:00"} | ANALYZER: trend=BULLISH sig=FLAT_OB_BULL ready=0% candle=BULL53% (ekor atas 24% / bawah 23%)
   SMC: BOS-B=N BOS-S=N CHoCH-B=N CHoCH-S=N | OB=BULLISH 4396.6-4441.3 (dist 0.0) [DI DALAM OB] | FVG=BULLISH 4341.3-4346.1 | BRK=BREAKER_BULL 4398.4-4449.8 [dipakai]
   bosLast: BOS-B@4393.8 2026-08-03 21:00 | BOS-B@4367.7 2026-08-04 05:00 | BOS-B@4382.5 2026-08-05 05:00
   swing: 4311.0 | 4449.8
   boxes: 4061.1-4094.8 | 4083.8-4116.2 | 4061.1-4094.8
[30] PINE:{"price":4402.665,"rsi":62.2,"sig":"FLAT","ready":0,"atr":13.95,"bar":299,"dt":"2026-08-14 03:00"} | ANALYZER: trend=BULLISH sig=FLAT_OB_BULL ready=0% candle=BULL51% (ekor atas 21% / bawah 28%)
   SMC: BOS-B=N BOS-S=N CHoCH-B=N CHoCH-S=N | OB=BULLISH 4392.7-4405.2 (dist 0.0) [DI DALAM OB] | FVG=tidak ada | BRK=BREAKER_BEAR 4348.1-4358.8 [fresh]
   FIBO: leg UP 4386.9->4411.3 | 38.2=4402.0 50=4399.1 61.8=4396.3 78.6=4392.2 | EXT 127.2=4418.0 161.8=4426.4 261.8=4450.8 | harga 4402.7
   bosLast: BOS-B@4379.1 2026-08-13 07:00 | BOS-S@4386.3 2026-08-13 14:00 | BOS-B@4368.1 2026-08-13 15:00
   swing: 4411.3 | 4386.9
   boxes: 3993.5-4002.3 | 4353.0-4362.9 | 3993.5-4002.3
[15] PINE:{"price":4402.59,"rsi":56.6,"sig":"FLAT","ready":0,"atr":9.48,"bar":299,"dt":"2026-08-14 18:30"} | ANALYZER: trend=BULLISH sig=FLAT_OB_BULL ready=0% candle=BULL50% (ekor atas 22% / bawah 28%)
   SMC: BOS-B=N BOS-S=N CHoCH-B=N CHoCH-S=N | OB=BULLISH 4392.1-4408.2 (dist 0.0) [DI DALAM OB] | FVG=tidak ada | BRK=BREAKER_BEAR 4367.3-4375.4 [fresh]
   FIBO: leg UP 4386.9->4411.3 | 38.2=4402.0 50=4399.1 61.8=4396.3 78.6=4392.2 | EXT 127.2=4418.0 161.8=4426.4 261.8=4450.8 | harga 4402.6
   bosLast: BOS-S@4375.4 2026-08-14 07:00 | BOS-B@4387.6 2026-08-14 08:00 | BOS-B@4399.1 2026-08-14 08:30
   swing: 4411.3 | 4386.9
   boxes: 4398.4-4405.8 | 4353.0-4358.0 | 4398.4-4405.8

===== LAPORAN GABUNGAN INDICATOR PINE + ANALYZER =====
D1: PINE sig=FLAT ready=0 RSI7=58.5 harga=4402.64 (bar 299 2026-08-17 03:30)
H4: PINE sig=FLAT ready=0 RSI7=71.7 harga=4402.64 (bar 299 2026-07-02 21:00)
H1: PINE sig=FLAT ready=0 RSI7=60.8 harga=4402.635 (bar 299 2026-08-10 05:00)
M30: PINE sig=FLAT ready=0 RSI7=62.2 harga=4402.665 (bar 299 2026-08-14 03:00)
M15: PINE sig=FLAT ready=0 RSI7=56.6 harga=4402.59 (bar 299 2026-08-14 18:30)

Trend 4TF: D1=BULLISH H4=BULLISH H1=BULLISH M15=BULLISH (SEARAH)

===== SWING LIKUIDITAS & ZONA DISKON/PREMIUM =====
  SWEEP: D1: BOS-B swept di ATAS 4403.5 (harga 4402.6) -> likuiditas buy-side tersapu
  SWEEP: D1: BOS-S swept di BAWAH 4393.4 (harga 4402.6) -> likuiditas sell-side tersapu
  SWEEP: M15: BOS-S swept di BAWAH 4375.4 (harga 4402.6) -> likuiditas sell-side tersapu
  RANGE H4/H1: 3996.1 - 4449.8 | mid 4222.9 | harga 4402.6 = PREMIUM (setengah atas) - bias SELL
  FILTER: FVG/OB BULLISH hanya valid jika ZONA DISKON | FVG/OB BEARISH hanya valid jika ZONA PREMIUM
  FIBO M30 (leg UP 4386.9->4411.3): retest-sell 0.145-0.25 = 4407.8-4405.2 | demand 0.618-0.786 = 4396.3-4392.2
  FILTER MSNR: di atas 0.145 M30 = zona 0-0.145 (sangat dekat high), tunggu pullback
Analyzer 240:BUY_BOS ready=70% OB=BULLISH 4343.6-4449.8 candle=BULL61% (ekor atas 28% / bawah 11%)

===== VERDICT GABUNGAN =====
SYARAT KONFLIK: D1=BULLISH vs H4=BULLISH SEARAH -> bias dipakai
>>> SETUP MENDEKAT — analyzer ready=70% tapi indikator Pine masih FLAT (tunggu plotshape SIG BUY/SELL)
Overlay: plan manual aktif dipertahankan (DUA KANDIDAT BUY TERAKHIR: LIMIT 4364.0 (FIBO GR) & STOP 4398.5 (BREAKOUT)) - scan tidak menimpa
>> Monitor limit (auto jika entry.json ada)...
>> MONITOR LIMIT XAU: STARTED (log: monitor_limit_xau.log)

>>> SIAP - semua otomatis sudah jalan.
>>> TV + overlay + scan + monitor: AKTIF otomatis.
>>> HI FITRA - MODE SIAGA OTOMATIS
>> TradingView mati - menyalakan dengan remote debugging...
>> Chart OK: https://id.tradingview.com/chart/KGDsu1Hl/
>> Health check TradingView Desktop...
TradingView Desktop: TERHUBUNG
WebSocket: ws://127.0.0.1:9222/devtools/browser/2777534f-9d5b-423b-918f-6c43b1aae883
Version: Chrome/140.0.7339.133
>> Pasang overlay...
Overlay terpasang - PATEN: SL struktural maks 20 pips | TP1 30-40+ (1:3) | TP2 40+ (1:4, situasional)
>> Scan gabungan (D1/H4/H1/M15 + PINE)...
[1440] PINE:none | ANALYZER: trend=BEARISH sig=FLAT_OB_BEAR ready=0% candle=BEAR79% (ekor atas 14% / bawah 7%)
   SMC: BOS-B=N BOS-S=N CHoCH-B=N CHoCH-S=N | OB=BEARISH 4376.2-4406.9 (dist 0.0) [DI DALAM OB] | FVG=tidak ada | BRK=BREAKER_BULL 4392.3-4395.8 [dipakai]
[240] PINE:none | ANALYZER: trend=BULLISH sig=BUY_BOS ready=70% candle=BEAR60% (ekor atas 33% / bawah 7%)
   SMC: BOS-B=Y BOS-S=N CHoCH-B=N CHoCH-S=N | OB=BULLISH 4343.6-4449.8 (dist 0.0) [DI DALAM OB] | FVG=BULLISH 4106.5-4223.5 | BRK=BREAKER_BULL 4076.8-4166.1 [dipakai]
[60] PINE:none | ANALYZER: trend=BEARISH sig=FLAT_OB_BULL ready=0% candle=BEAR43% (ekor atas 41% / bawah 16%)
   SMC: BOS-B=N BOS-S=N CHoCH-B=N CHoCH-S=N | OB=BULLISH 4351.4-4402.2 (dist 0.0) [DI DALAM OB] | FVG=BULLISH 4341.3-4346.1 | BRK=BREAKER_BULL 4398.4-4449.8 [dipakai]
   FIBO: leg UP 4311.0->4436.2 | 38.2=4388.4 50=4373.6 61.8=4358.9 78.6=4337.8 | EXT 127.2=4470.3 161.8=4513.6 261.8=4638.8 | harga 4381.0
[30] PINE:{"price":4380.48,"rsi":25.6,"sig":"FLAT","ready":0,"atr":15.24,"bar":299,"dt":"2026-08-17 06:00"} | ANALYZER: trend=BEARISH sig=FLAT_OB_BEAR ready=0% candle=BEAR53% (ekor atas 43% / bawah 4%)
   SMC: BOS-B=N BOS-S=N CHoCH-B=N CHoCH-S=N | OB=BEARISH 4376.2-4406.9 (dist 0.0) [DI DALAM OB] | FVG=BEARISH 4408.4-4419.1 | BRK=BREAKER_BEAR 4398.2-4416.3 [dipakai]
   FIBO: leg UP 4386.2->4403.7 | 38.2=4397.0 50=4395.0 61.8=4392.9 78.6=4389.9 | EXT 127.2=4408.5 161.8=4414.6 261.8=4432.1 | harga 4380.5
   bosLast: BOS-S@4397.7 2026-08-14 20:00 | BOS-S@4403.7 2026-08-16 23:00 | BOS-S@4406.5 2026-08-17 06:00
   swing: 4403.7 | 4386.2
   boxes: 3993.5-4002.3 | 4353.0-4362.9 | 3993.5-4002.3
[15] PINE:{"price":4380.48,"rsi":30.6,"sig":"FLAT","ready":0,"atr":11.07,"bar":299,"dt":"2026-08-17 23:00"} | ANALYZER: trend=BEARISH sig=SELL_CHOCH ready=70% candle=BEAR81% (ekor atas 13% / bawah 6%)
   SMC: BOS-B=N BOS-S=N CHoCH-B=N CHoCH-S=Y | OB=BEARISH 4376.2-4406.9 (dist 0.0) [DI DALAM OB] | FVG=tidak ada | BRK=BREAKER_BULL 4396.9-4403.6 [dipakai]
   bosLast: BOS-S@4400.0 2026-08-17 13:30 | BOS-S@4400.4 2026-08-17 14:00 | BOS-S@4396.4 2026-08-17 23:00
   swing: 4386.9 | 4403.7
   boxes: 4398.4-4405.8 | 4353.0-4358.0 | 4398.4-4405.8

===== LAPORAN GABUNGAN INDICATOR PINE + ANALYZER =====
D1: PINE n/a
H4: PINE n/a
H1: PINE n/a
M30: PINE sig=FLAT ready=0 RSI7=25.6 harga=4380.48 (bar 299 2026-08-17 06:00)
M15: PINE sig=FLAT ready=0 RSI7=30.6 harga=4380.48 (bar 299 2026-08-17 23:00)

Trend 4TF: D1=BEARISH H4=BULLISH H1=BEARISH M15=BEARISH (BENTUR) | FILTER D1: H4 bertentangan dengan D1, hindari entry paksa

===== SWING LIKUIDITAS & ZONA DISKON/PREMIUM =====
  SWEEP: tidak ada sapuan eksternal aktif
  RANGE H4/H1: 3996.1 - 4436.2 | mid 4216.1 | harga 4380.5 = PREMIUM (setengah atas) - bias SELL
  FILTER: FVG/OB BULLISH hanya valid jika ZONA DISKON | FVG/OB BEARISH hanya valid jika ZONA PREMIUM
  FIBO M30 (leg UP 4386.2->4403.7): retest-sell 0.145-0.25 = 4401.2-4399.3 | demand 0.618-0.786 = 4392.9-4389.9
  FILTER MSNR: DI BAWAH 0.786 M30 = oversold/breakout, zona berikutnya 4400.6
Analyzer 240:BUY_BOS ready=70% OB=BULLISH 4343.6-4449.8 candle=BEAR60% (ekor atas 33% / bawah 7%)
Analyzer 15:SELL_CHOCH ready=70% OB=BEARISH 4376.2-4406.9 candle=BEAR81% (ekor atas 13% / bawah 6%)

===== VERDICT GABUNGAN =====
SYARAT KONFLIK: D1=BEARISH vs H4=BULLISH BENTUR -> PULLBACK H4. BUY hanya VALID di DISKON DALAM (konfluen 61.8/FVG), SELL hanya PREMIUM DALAM. Entry lawan bias di zona tengah = NO
>>> NO ENTRY — D1/H4 bentur dan harga BELUM di zona konfluen dalam. TUNGGU harga masuk DISKON/PREMIUM DALAM.
Overlay: plan manual aktif dipertahankan (DUA KANDIDAT BUY TERAKHIR: LIMIT 4364.0 (FIBO GR) & STOP 4398.5 (BREAKOUT)) - scan tidak menimpa
>> Monitor limit (auto jika entry.json ada)...
>> MONITOR LIMIT XAU: STARTED (log: monitor_limit_xau.log)

>>> SIAP - semua otomatis sudah jalan.
>>> TV + overlay + scan + monitor: AKTIF otomatis.
>>> HI FITRA - MODE SIAGA OTOMATIS
>> TradingView mati - menyalakan dengan remote debugging...
>> Chart OK: https://id.tradingview.com/chart/KGDsu1Hl/
>> Health check TradingView Desktop...
TradingView Desktop: TERHUBUNG
WebSocket: ws://127.0.0.1:9222/devtools/browser/aea53d16-92f0-46b5-894c-c2e30e875ac6
Version: Chrome/140.0.7339.133
>> Pasang overlay...
Overlay terpasang - PATEN: SL struktural maks 20 pips | TP1 30-40+ (1:3) | TP2 40+ (1:4, situasional)
>> Scan gabungan (D1/H4/H1/M15 + PINE)...
[1440] PINE:{"price":4330.265,"rsi":24.8,"sig":"FLAT","ready":0,"atr":7.09,"bar":299,"dt":"2026-08-18 14:45"} | ANALYZER: trend=BEARISH sig=FLAT_OB_BULL ready=0% candle=BEAR5% (ekor atas 41% / bawah 55%)
   SMC: BOS-B=N BOS-S=N CHoCH-B=N CHoCH-S=N | OB=BULLISH 4330.1-4337.5 (dist 0.0) [DI DALAM OB] | FVG=BEARISH 4346.7-4349.7 | BRK=BREAKER_BULL 4355.8-4361.1 [dipakai]
   bosLast: BOS-S@4335.4 2026-08-18 13:00 | BOS-S@4343.8 2026-08-18 13:15 | BOS-S@4342.4 2026-08-18 13:30
   swing: 4343.8 | 4329.3
   boxes: 4402.6-4405.8 | 4408.8-4417.5 | 4402.6-4405.8
[240] PINE:{"price":4330.05,"rsi":55.3,"sig":"FLAT","ready":0,"atr":87.98,"bar":299,"dt":"2026-07-06 21:00"} | ANALYZER: trend=BULLISH sig=FLAT_OB_BEAR ready=0% candle=BEAR72% (ekor atas 11% / bawah 17%)
   SMC: BOS-B=N BOS-S=N CHoCH-B=N CHoCH-S=N | OB=BEARISH 4229.9-4371.8 (dist 0.0) [DI DALAM OB] | FVG=BULLISH 4106.5-4223.5 | BRK=BREAKER_BULL 4076.8-4166.1 [dipakai]
   FIBO: leg UP 3996.1->4449.8 | 38.2=4276.5 50=4222.9 61.8=4169.4 78.6=4093.2 | EXT 127.2=4573.3 161.8=4730.3 261.8=5184.0 | harga 4330.1
   bosLast: BOS-B@4343.6 2026-06-30 21:00 | BOS-B@4311.0 2026-07-01 21:00 | BOS-B@4367.3 2026-07-02 21:00
   swing: 4311.0 | 4449.8
   boxes: 292.1-298.0 | 4280.4-4369.7 | 292.1-298.0
[60] PINE:{"price":4330.05,"rsi":27.5,"sig":"FLAT","ready":0,"atr":32.61,"bar":299,"dt":"2026-08-11 17:00"} | ANALYZER: trend=BEARISH sig=FLAT_OB_BULL ready=0% candle=BEAR72% (ekor atas 11% / bawah 17%)
   SMC: BOS-B=N BOS-S=N CHoCH-B=N CHoCH-S=N | OB=BULLISH 4329.3-4368.4 (dist 0.0) [DI DALAM OB] | FVG=BEARISH 4368.4-4387.0 | BRK=BREAKER_BULL 4398.4-4449.8 [dipakai]
   FIBO: leg UP 4311.0->4436.2 | 38.2=4388.4 50=4373.6 61.8=4358.9 78.6=4337.8 | EXT 127.2=4470.3 161.8=4513.6 261.8=4638.8 | harga 4330.1
   bosLast: BOS-B@4393.8 2026-08-03 21:00 | BOS-B@4367.7 2026-08-04 05:00 | BOS-B@4382.5 2026-08-05 05:00
   swing: 4436.2 | 4311.0
   boxes: 4061.1-4094.8 | 4083.8-4116.2 | 4061.1-4094.8
[30] PINE:{"price":4330.04,"rsi":7.1,"sig":"FLAT","ready":0,"atr":15.32,"bar":299,"dt":"2026-08-17 14:00"} | ANALYZER: trend=BEARISH sig=FLAT_OB_BULL ready=0% candle=BEAR36% (ekor atas 39% / bawah 25%)
   SMC: BOS-B=N BOS-S=N CHoCH-B=N CHoCH-S=Y | OB=BULLISH 4329.3-4346.7 (dist 0.0) [DI DALAM OB] | FVG=BEARISH 4346.7-4352.7 | BRK=BREAKER_BEAR 4410.5-4417.3 [dipakai]
   bosLast: BOS-S@4346.7 2026-08-17 12:00 | BOS-S@4343.8 2026-08-17 13:00 | BOS-S@4338.4 2026-08-17 14:00
   swing: 4351.8 | 4406.9
   boxes: 3993.5-4002.3 | 4353.0-4362.9 | 3993.5-4002.3
[15] PINE:{"price":4330.405,"rsi":16.4,"sig":"FLAT","ready":0,"atr":10.24,"bar":299,"dt":"2026-08-18 07:00"} | ANALYZER: trend=BEARISH sig=FLAT_OB_BULL ready=0% candle=BEAR2% (ekor atas 41% / bawah 57%)
   SMC: BOS-B=N BOS-S=N CHoCH-B=N CHoCH-S=N | OB=BULLISH 4330.1-4338.4 (dist 0.0) [DI DALAM OB] | FVG=BEARISH 4346.7-4352.5 | BRK=BREAKER_BULL 4391.7-4399.7 [dipakai]
   bosLast: BOS-S@4339.8 2026-08-18 05:00 | BOS-S@4343.8 2026-08-18 05:30 | BOS-S@4336.6 2026-08-18 06:00
   swing: 4329.3 | 4351.8
   boxes: 4398.4-4405.8 | 4353.0-4358.0 | 4398.4-4405.8

===== LAPORAN GABUNGAN INDICATOR PINE + ANALYZER =====
D1: PINE sig=FLAT ready=0 RSI7=24.8 harga=4330.265 (bar 299 2026-08-18 14:45)
H4: PINE sig=FLAT ready=0 RSI7=55.3 harga=4330.05 (bar 299 2026-07-06 21:00)
H1: PINE sig=FLAT ready=0 RSI7=27.5 harga=4330.05 (bar 299 2026-08-11 17:00)
M30: PINE sig=FLAT ready=0 RSI7=7.1 harga=4330.04 (bar 299 2026-08-17 14:00)
M15: PINE sig=FLAT ready=0 RSI7=16.4 harga=4330.405 (bar 299 2026-08-18 07:00)

Trend 4TF: D1=BEARISH H4=BULLISH H1=BEARISH M15=BEARISH (BENTUR) | FILTER D1: H4 bertentangan dengan D1, hindari entry paksa

===== SWING LIKUIDITAS & ZONA DISKON/PREMIUM =====
  SWEEP: H4: BOS-B swept di ATAS 4367.3 (harga 4330.1) -> likuiditas buy-side tersapu
  SWEEP: H1: BOS-B swept di ATAS 4382.5 (harga 4330.1) -> likuiditas buy-side tersapu
  RANGE H4/H1: 3996.1 - 4449.8 | mid 4222.9 | harga 4330.4 = PREMIUM (setengah atas) - bias SELL
  FILTER: FVG/OB BULLISH hanya valid jika ZONA DISKON | FVG/OB BEARISH hanya valid jika ZONA PREMIUM
  FIBO H4 (leg UP 3996.1->4449.8): 38.2=4276.5 50=4222.9 61.8=4169.4 78.6=4093.2 | harga 4330.4 = di atas 50 = PREMIUM, bukan area beli

===== VERDICT GABUNGAN =====
SYARAT KONFLIK: D1=BEARISH vs H4=BULLISH BENTUR -> PULLBACK H4. BUY hanya VALID di DISKON DALAM (konfluen 61.8/FVG), SELL hanya PREMIUM DALAM. Entry lawan bias di zona tengah = NO
>>> NO ENTRY — D1/H4 bentur dan harga BELUM di zona konfluen dalam. TUNGGU harga masuk DISKON/PREMIUM DALAM.
Overlay: plan manual aktif dipertahankan (DUA KANDIDAT BUY TERAKHIR: LIMIT 4364.0 (FIBO GR) & STOP 4398.5 (BREAKOUT)) - scan tidak menimpa
>> Monitor limit (auto jika entry.json ada)...
>> MONITOR LIMIT XAU: STARTED (log: monitor_limit_xau.log)

>>> SIAP - semua otomatis sudah jalan.
>>> TV + overlay + scan + monitor: AKTIF otomatis.
>>> HI FITRA - MODE SIAGA OTOMATIS
>> TradingView mati - menyalakan dengan remote debugging...
>> Chart OK: https://id.tradingview.com/chart/KGDsu1Hl/
>> Health check TradingView Desktop...
TradingView Desktop: TERHUBUNG
WebSocket: ws://127.0.0.1:9222/devtools/browser/008994fa-fc1c-43ae-98c6-8155b0be8c6e
Version: Chrome/140.0.7339.133
>> Pasang overlay...
Overlay terpasang - PATEN: SL struktural maks 20 pips | TP1 30-40+ (1:3) | TP2 40+ (1:4, situasional)
>> Scan gabungan (D1/H4/H1/M15 + PINE)...
>> Monitor limit (auto jika entry.json ada)...
>> MONITOR LIMIT XAU: STARTED (log: monitor_limit_xau.log)

>>> SIAP - semua otomatis sudah jalan.
>>> TV + overlay + scan + monitor: AKTIF otomatis.
>>> HI FITRA - MODE SIAGA OTOMATIS
>> TradingView mati - menyalakan dengan remote debugging...
>> Chart OK: https://id.tradingview.com/chart/KGDsu1Hl/
>> Health check TradingView Desktop...
TradingView Desktop: TERHUBUNG
WebSocket: ws://127.0.0.1:9222/devtools/browser/ea8c39f9-2776-45cd-aec1-3fabb410917e
Version: Chrome/140.0.7339.133
>> Pasang overlay...
Overlay terpasang - PATEN: SL struktural maks 20 pips | TP1 30-40+ (1:3) | TP2 40+ (1:4, situasional)
>> Scan gabungan (D1/H4/H1/M15 + PINE)...
>> Monitor limit (auto jika entry.json ada)...
>> MONITOR LIMIT XAU: STARTED (log: monitor_limit_xau.log)

>>> SIAP - semua otomatis sudah jalan.
>>> TV + overlay + scan + monitor: AKTIF otomatis.
>>> HI FITRA - MODE SIAGA OTOMATIS
>> TradingView mati - menyalakan dengan remote debugging...
>> Chart OK: https://id.tradingview.com/chart/KGDsu1Hl/
>> Health check TradingView Desktop...
TradingView Desktop: TERHUBUNG
WebSocket: ws://127.0.0.1:9222/devtools/browser/c8cca206-4323-4b30-a4de-ffd0f3634aa5
Version: Chrome/140.0.7339.133
>> Pasang overlay POSISI LIVE...
Overlay FULL di-inject: strategi + jam/sesi + akun + misi + Plan A SELL 4655.0 + Plan B BUY 4545.0 + RR
>> Scan gabungan (D1/H4/H1/M15 + PINE)...
[1440] PINE:none | ANALYZER: trend=- sig=- ready=- candle=-
   SMC: BOS-B=N BOS-S=N CHoCH-B=N CHoCH-S=N | OB=no | FVG=tidak ada
[240] PINE:none | ANALYZER: trend=- sig=- ready=- candle=-
   SMC: BOS-B=N BOS-S=N CHoCH-B=N CHoCH-S=N | OB=no | FVG=tidak ada
[60] PINE:none | ANALYZER: trend=- sig=- ready=- candle=-
   SMC: BOS-B=N BOS-S=N CHoCH-B=N CHoCH-S=N | OB=no | FVG=tidak ada
[30] PINE:none | ANALYZER: trend=- sig=- ready=- candle=-
   SMC: BOS-B=N BOS-S=N CHoCH-B=N CHoCH-S=N | OB=no | FVG=tidak ada
[15] PINE:none | ANALYZER: trend=BEARISH sig=FLAT_OB_BULL ready=0% candle=BULL78% (ekor atas 18% / bawah 4%)
   SMC: BOS-B=N BOS-S=Y CHoCH-B=N CHoCH-S=N | OB=BULLISH 4609.0-4641.3 (dist 0.0) [DI DALAM OB] | FVG=tidak ada | BRK=BREAKER_BEAR 4623.8-4632.8 [dipakai]
   FIBO: leg UP 4620.1->4647.3 | 38.2=4636.9 50=4633.7 61.8=4630.5 78.6=4625.9 | EXT 127.2=4654.7 161.8=4664.2 261.8=4691.4 | harga 4615.9

===== LAPORAN GABUNGAN INDICATOR PINE + ANALYZER =====
D1: PINE n/a
H4: PINE n/a
H1: PINE n/a
M30: PINE n/a
M15: PINE n/a

Trend 4TF: D1=? H4=? H1=? M15=BEARISH (BENTUR)

===== SWING LIKUIDITAS & ZONA DISKON/PREMIUM =====
  SWEEP: tidak ada sapuan eksternal aktif
  RANGE H4/H1: tidak tersedia (swing belum terbentuk)

===== VERDICT GABUNGAN =====
SYARAT KONFLIK: D1=? vs H4=? SEARAH -> bias dipakai
>>> NO ENTRY — tidak ada sinyal valid (Pine=FLAT, analyzer ready max=0%). HANYA tunggu.
Overlay: plan manual aktif dipertahankan (XAU DOUBLE PLAN: SELL 4655 (premium) / BUY 4545 (diskon) - SWING 1:3/1:4) - scan tidak menimpa
>> Monitor limit v2 (baca overlay_plan.json + posisi.json)...
>> MONITOR LIMIT XAU V2: STARTED PID 24548 (log: monitor_limit_xau.log)

>>> SIAP - semua otomatis sudah jalan.
>>> TV + overlay + scan + monitor: AKTIF otomatis.
>>> HI FITRA - MODE SIAGA OTOMATIS
>> TradingView mati - menyalakan dengan remote debugging...
>> Chart OK: https://www.tradingview.com/chart/
>> Health check TradingView Desktop...
TradingView Desktop: TERHUBUNG
WebSocket: ws://127.0.0.1:9222/devtools/browser/32eb271d-0121-4fe7-924a-dc71b2deb96c
Version: Chrome/140.0.7339.133
>> Pasang overlay POSISI LIVE...
node:events:487
      throw er; // Unhandled 'error' event
      ^

Error: Unexpected server response: 500
    at ClientRequest.<anonymous> (C:\HEBAT\node_modules\ws\lib\websocket.js:930:7)
    at ClientRequest.emit (node:events:509:28)
    at HTTPParser.parserOnIncomingClient (node:_http_client:798:27)
    at HTTPParser.parserOnHeadersComplete (node:_http_common:125:17)
    at Socket.socketOnData (node:_http_client:633:22)
    at Socket.emit (node:events:509:28)
    at addChunk (node:internal/streams/readable:563:12)
    at readableAddChunkPushByteMode (node:internal/streams/readable:514:3)
    at Readable.push (node:internal/streams/readable:394:5)
    at TCP.onStreamRead (node:internal/stream_base_commons:189:23)
Emitted 'error' event on WebSocket instance at:
    at emitErrorAndClose (C:\HEBAT\node_modules\ws\lib\websocket.js:1060:13)
    at process.processTicksAndRejections (node:internal/process/task_queues:90:21)

Node.js v24.18.0
overlay: Command failed: node C:\HEBAT\overlay_position.cjs
>> Scan gabungan (D1/H4/H1/M15 + PINE)...
no chart
scan: Command failed: node C:\HEBAT\analisa_gabungan.cjs
>> Monitor limit v2 (baca overlay_plan.json + posisi.json)...
>> MONITOR LIMIT XAU V2: STARTED PID 23896 (log: monitor_limit_xau.log)

>>> SIAP - semua otomatis sudah jalan.
>>> TV + overlay + scan + monitor: AKTIF otomatis.
>>> HI FITRA - MODE SIAGA OTOMATIS
>> TradingView mati - menyalakan dengan remote debugging...
>> Chart OK: https://id.tradingview.com/chart/KGDsu1Hl/
>> Health check TradingView Desktop...
TradingView Desktop: TERHUBUNG
WebSocket: ws://127.0.0.1:9222/devtools/browser/d5a001fd-c59d-4d38-afc5-cd40cd8c2f9e
Version: Chrome/140.0.7339.133
>> Pasang overlay POSISI LIVE...
Overlay v2 data-driven di-inject: SWING TRADE - BUY 4310
>> Scan gabungan (D1/H4/H1/M15 + PINE)...
[1440] PINE:none | ANALYZER: trend=- sig=- ready=- candle=-
   SMC: BOS-B=N BOS-S=N CHoCH-B=N CHoCH-S=N | OB=no | FVG=tidak ada
[240] PINE:none | ANALYZER: trend=- sig=- ready=- candle=-
   SMC: BOS-B=N BOS-S=N CHoCH-B=N CHoCH-S=N | OB=no | FVG=tidak ada
[60] PINE:none | ANALYZER: trend=- sig=- ready=- candle=-
   SMC: BOS-B=N BOS-S=N CHoCH-B=N CHoCH-S=N | OB=no | FVG=tidak ada
[30] PINE:none | ANALYZER: trend=- sig=- ready=- candle=-
   SMC: BOS-B=N BOS-S=N CHoCH-B=N CHoCH-S=N | OB=no | FVG=tidak ada
[15] PINE:none | ANALYZER: trend=- sig=- ready=- candle=-
   SMC: BOS-B=N BOS-S=N CHoCH-B=N CHoCH-S=N | OB=no | FVG=tidak ada

===== LAPORAN GABUNGAN INDICATOR PINE + ANALYZER =====
D1: PINE n/a
H4: PINE n/a
H1: PINE n/a
M30: PINE n/a
M15: PINE n/a

Trend 4TF: D1=? H4=? H1=? M15=? (BENTUR)

===== SWING LIKUIDITAS & ZONA DISKON/PREMIUM =====
  SWEEP: tidak ada sapuan eksternal aktif
  RANGE H4/H1: tidak tersedia (swing belum terbentuk)

===== VERDICT GABUNGAN =====
SYARAT KONFLIK: D1=? vs H4=? SEARAH -> bias dipakai
>>> NO ENTRY — tidak ada sinyal valid (Pine=FLAT, analyzer ready max=0%). HANYA tunggu.
Overlay: plan manual aktif dipertahankan (SWING TRADE 4-5 HARI - BUY 4310) - scan tidak menimpa
>> Monitor limit v2 (baca overlay_plan.json + posisi.json)...
>> MONITOR LIMIT XAU V2: STARTED PID 9644 (log: monitor_limit_xau.log)

>>> SIAP - semua otomatis sudah jalan.
>>> TV + overlay + scan + monitor: AKTIF otomatis.
>>> HI FITRA - MODE SIAGA OTOMATIS
>> TradingView mati - menyalakan dengan remote debugging...
>> Chart OK: https://id.tradingview.com/chart/KGDsu1Hl/
>> Health check TradingView Desktop...
TradingView Desktop: TERHUBUNG
WebSocket: ws://127.0.0.1:9222/devtools/browser/3c5620cc-2f14-4c4f-b312-0d542829fe8a
Version: Chrome/140.0.7339.133
>> Pasang overlay POSISI LIVE...
Overlay v2 data-driven di-inject: SWING TRADE - BUY 4310
>> Scan gabungan (D1/H4/H1/M15 + PINE)...
[1440] PINE:none | ANALYZER: trend=- sig=- ready=- candle=-
   SMC: BOS-B=N BOS-S=N CHoCH-B=N CHoCH-S=N | OB=no | FVG=tidak ada
[240] PINE:none | ANALYZER: trend=- sig=- ready=- candle=-
   SMC: BOS-B=N BOS-S=N CHoCH-B=N CHoCH-S=N | OB=no | FVG=tidak ada
[60] PINE:none | ANALYZER: trend=- sig=- ready=- candle=-
   SMC: BOS-B=N BOS-S=N CHoCH-B=N CHoCH-S=N | OB=no | FVG=tidak ada
[30] PINE:none | ANALYZER: trend=- sig=- ready=- candle=-
   SMC: BOS-B=N BOS-S=N CHoCH-B=N CHoCH-S=N | OB=no | FVG=tidak ada
[15] PINE:none | ANALYZER: trend=- sig=- ready=- candle=-
   SMC: BOS-B=N BOS-S=N CHoCH-B=N CHoCH-S=N | OB=no | FVG=tidak ada

===== LAPORAN GABUNGAN INDICATOR PINE + ANALYZER =====
D1: PINE n/a
H4: PINE n/a
H1: PINE n/a
M30: PINE n/a
M15: PINE n/a

Trend 4TF: D1=? H4=? H1=? M15=? (BENTUR)

===== SWING LIKUIDITAS & ZONA DISKON/PREMIUM =====
  SWEEP: tidak ada sapuan eksternal aktif
  RANGE H4/H1: tidak tersedia (swing belum terbentuk)

===== VERDICT GABUNGAN =====
SYARAT KONFLIK: D1=? vs H4=? SEARAH -> bias dipakai
>>> NO ENTRY — tidak ada sinyal valid (Pine=FLAT, analyzer ready max=0%). HANYA tunggu.
Overlay: plan manual aktif dipertahankan (SWING TRADE 4-5 HARI - BUY 4310) - scan tidak menimpa
>> Monitor limit v2 (baca overlay_plan.json + posisi.json)...
>> MONITOR LIMIT XAU V2: STARTED PID 7868 (log: monitor_limit_xau.log)

>>> SIAP - semua otomatis sudah jalan.
>>> TV + overlay + scan + monitor: AKTIF otomatis.
>>> HI FITRA - MODE SIAGA OTOMATIS
>> TradingView mati - menyalakan dengan remote debugging...
>> Chart OK: https://id.tradingview.com/chart/KGDsu1Hl/
>> Health check TradingView Desktop...
TradingView Desktop: TERHUBUNG
WebSocket: ws://127.0.0.1:9222/devtools/browser/f7c22f18-943a-4939-a6bd-1688b4b0202d
Version: Chrome/140.0.7339.133
>> Pasang overlay POSISI LIVE...
Overlay v2 data-driven di-inject: SWING TRADE - BUY 4310
>> Scan gabungan (D1/H4/H1/M15 + PINE)...
[1440] PINE:none | ANALYZER: trend=- sig=- ready=- candle=-
   SMC: BOS-B=N BOS-S=N CHoCH-B=N CHoCH-S=N | OB=no | FVG=tidak ada
[240] PINE:none | ANALYZER: trend=- sig=- ready=- candle=-
   SMC: BOS-B=N BOS-S=N CHoCH-B=N CHoCH-S=N | OB=no | FVG=tidak ada
[60] PINE:none | ANALYZER: trend=- sig=- ready=- candle=-
   SMC: BOS-B=N BOS-S=N CHoCH-B=N CHoCH-S=N | OB=no | FVG=tidak ada
[30] PINE:none | ANALYZER: trend=- sig=- ready=- candle=-
   SMC: BOS-B=N BOS-S=N CHoCH-B=N CHoCH-S=N | OB=no | FVG=tidak ada
[15] PINE:none | ANALYZER: trend=- sig=- ready=- candle=-
   SMC: BOS-B=N BOS-S=N CHoCH-B=N CHoCH-S=N | OB=no | FVG=tidak ada

===== LAPORAN GABUNGAN INDICATOR PINE + ANALYZER =====
D1: PINE n/a
H4: PINE n/a
H1: PINE n/a
M30: PINE n/a
M15: PINE n/a

Trend 4TF: D1=? H4=? H1=? M15=? (BENTUR)

===== SWING LIKUIDITAS & ZONA DISKON/PREMIUM =====
  SWEEP: tidak ada sapuan eksternal aktif
  RANGE H4/H1: tidak tersedia (swing belum terbentuk)

===== VERDICT GABUNGAN =====
SYARAT KONFLIK: D1=? vs H4=? SEARAH -> bias dipakai
>>> NO ENTRY — tidak ada sinyal valid (Pine=FLAT, analyzer ready max=0%). HANYA tunggu.
Overlay: plan manual aktif dipertahankan (SWING TRADE 4-5 HARI - BUY 4310) - scan tidak menimpa
>> Monitor limit v2 (baca overlay_plan.json + posisi.json)...
>> MONITOR LIMIT XAU V2: STARTED PID 17028 (log: monitor_limit_xau.log)

>>> SIAP - semua otomatis sudah jalan.
>>> TV + overlay + scan + monitor: AKTIF otomatis.
>>> HI FITRA - MODE SIAGA OTOMATIS
>> TradingView mati - menyalakan dengan remote debugging...
>> Chart OK: https://id.tradingview.com/chart/KGDsu1Hl/
>> Health check TradingView Desktop...
TradingView Desktop: TERHUBUNG
WebSocket: ws://127.0.0.1:9222/devtools/browser/890b067f-22d6-457b-b07d-a7af2a2e0451
Version: Chrome/140.0.7339.133
>> Pasang overlay POSISI LIVE...
Overlay v2 data-driven di-inject: SWING TRADE - BUY 4310 (FOLLOW FOTO: FALLING WEDGE + DEMAND/SUPPLY ZONE)
>> Scan gabungan (D1/H4/H1/M15 + PINE)...
>> Monitor limit v2 (baca overlay_plan.json + posisi.json)...
>> MONITOR LIMIT XAU V2: STARTED PID 26564 (log: monitor_limit_xau.log)

>>> SIAP - semua otomatis sudah jalan.
>>> TV + overlay + scan + monitor: AKTIF otomatis.
>>> HI FITRA - MODE SIAGA OTOMATIS
>> TradingView mati - menyalakan dengan remote debugging...
>> Chart OK: https://id.tradingview.com/chart/KGDsu1Hl/
>> Health check TradingView Desktop...
TradingView Desktop: TERHUBUNG
WebSocket: ws://127.0.0.1:9222/devtools/browser/6b121a21-06c5-41a3-b886-bb1b5dd706ff
Version: Chrome/140.0.7339.133
>> Pasang overlay POSISI LIVE...
Overlay v2 data-driven di-inject: XAUUSD - BUY 4309.5 SUDAH DI-TP (CLOSED)
>> Scan gabungan (D1/H4/H1/M15 + PINE)...
[1440] PINE:none | ANALYZER: trend=BEARISH sig=FLAT_OB_BEAR ready=0% candle=BEAR37% (ekor atas 12% / bawah 51%)
   SMC: BOS-B=N BOS-S=N CHoCH-B=N CHoCH-S=N | OB=BEARISH 4324.7-4524.3 (dist 0.0) [DI DALAM OB] | FVG=tidak ada | BRK=BREAKER_BULL 4362.7-4441.3 [dipakai]
   FIBO: leg UP 4311.0->4697.1 | 38.2=4549.6 50=4504.1 61.8=4458.5 78.6=4393.7 | EXT 127.2=4802.1 161.8=4935.7 261.8=5321.8 | harga 4429.8
   bosLast: BOS-B@3305.4 null | BOS-S@3257.1 null | BOS-B@3379.5 null
   swing: 1535.7 | 1483.3
   boxes: 3177.3-3245.5 | 3176.6-3177.3 | 1459.2-1519.7
[240] PINE:none | ANALYZER: trend=BULLISH sig=FLAT_OB_BULL ready=0% candle=BEAR23% (ekor atas 15% / bawah 62%)
   SMC: BOS-B=N BOS-S=N CHoCH-B=N CHoCH-S=N | OB=BULLISH 4376.2-4479.3 (dist 0.0) [DI DALAM OB] | FVG=BEARISH 4449.0-4460.2 | BRK=BREAKER_BULL 4426.3-4455.9 [dipakai]
   FIBO: leg UP 4282.6->4510.9 | 38.2=4423.7 50=4396.8 61.8=4369.8 78.6=4331.5 | EXT 127.2=4573.0 161.8=4652.0 261.8=4880.3 | harga 4429.8
   bosLast: BOS-S@4011.5 null | BOS-S@4018.8 null | BOS-S@4005.8 null
   swing: 4510.9 | 4282.6
   boxes: 4280.4-4309.2 | 4235.5-4280.4 | 4480.4-4589.6
[60] PINE:none | ANALYZER: trend=BEARISH sig=FLAT_OB_BULL ready=0% candle=BEAR78% (ekor atas 5% / bawah 17%)
   SMC: BOS-B=N BOS-S=N CHoCH-B=N CHoCH-S=N | OB=BULLISH 4376.2-4476.7 (dist 0.0) [DI DALAM OB] | FVG=tidak ada | BRK=BREAKER_BEAR 4460.2-4473.5 [dipakai]
   bosLast: BOS-B@4419.1 null | BOS-S@4406.5 null | BOS-S@4377.8 null
   swing: 4365.6 | 4490.9
   boxes: 4353.0-4362.9 | 4352.3-4353.0 | 4405.8-4406.7
[30] PINE:none | ANALYZER: trend=BEARISH sig=FLAT_OB_BULL ready=0% candle=BEAR9% (ekor atas 52% / bawah 39%)
   SMC: BOS-B=N BOS-S=N CHoCH-B=N CHoCH-S=N | OB=BULLISH 4376.2-4475.1 (dist 0.0) [DI DALAM OB] | FVG=tidak ada | BRK=BREAKER_BULL 4464.5-4476.7 [fresh]
   bosLast: BOS-S@4605.5 null | BOS-S@4609.3 null | BOS-S@4601.6 null
   swing: 4412.0 | 4449.0
   boxes: 4602.0-4613.4 | 4594.7-4602.0 | 4655.2-4660.7
[15] PINE:none | ANALYZER: trend=BULLISH sig=FLAT_OB_BEAR ready=0% candle=BEAR24% (ekor atas 36% / bawah 39%)
   SMC: BOS-B=N BOS-S=N CHoCH-B=N CHoCH-S=N | OB=BEARISH 4422.8-4443.7 (dist 0.0) [DI DALAM OB] | FVG=BEARISH 4431.9-4432.9 | BRK=BREAKER_BEAR 4421.4-4425.8 [fresh]
   FIBO: leg UP 4412.0->4438.6 | 38.2=4428.4 50=4425.3 61.8=4422.1 78.6=4417.7 | EXT 127.2=4445.8 161.8=4455.0 261.8=4481.6 | harga 4429.8
   bosLast: BOS-S@4381.9 null | BOS-S@4385.8 null | BOS-S@4386.1 null
   swing: 4438.6 | 4412.0
   boxes: 4449.2-4451.8 | 4575.1-4590.2 | 4575.1-4590.2
   SNIPER: SELL entry 4431.9 | SL 4433.4 | TP2 4428.9 | risk 1.5 pt | jarak 2.1 pt

===== LAPORAN GABUNGAN INDICATOR PINE + ANALYZER =====
D1: PINE n/a
H4: PINE n/a
H1: PINE n/a
M30: PINE n/a
M15: PINE n/a

Trend 4TF: D1=BEARISH H4=BULLISH H1=BEARISH M15=BULLISH (BENTUR) | FILTER D1: H4 bertentangan dengan D1, hindari entry paksa

===== SWING LIKUIDITAS & ZONA DISKON/PREMIUM =====
  SWEEP: tidak ada sapuan eksternal aktif
  RANGE H4/H1: 4282.6 - 4510.9 | mid 4396.8 | harga 4429.8 = PREMIUM (setengah atas) - bias SELL
  FILTER: FVG/OB BULLISH hanya valid jika ZONA DISKON | FVG/OB BEARISH hanya valid jika ZONA PREMIUM
  FIBO H4 (leg UP 4282.6->4510.9): 38.2=4423.7 50=4396.8 61.8=4369.8 78.6=4331.5 | harga 4429.8 = di atas 50 = PREMIUM, bukan area beli

===== VERDICT GABUNGAN =====
SYARAT KONFLIK: D1=BEARISH vs H4=BULLISH BENTUR -> PULLBACK H4. BUY hanya VALID di DISKON DALAM (konfluen 61.8/FVG), SELL hanya PREMIUM DALAM. Entry lawan bias di zona tengah = NO
>>> NO ENTRY — D1/H4 bentur dan harga BELUM di zona konfluen dalam. TUNGGU harga masuk DISKON/PREMIUM DALAM.
Overlay: tidak ada limit baru (status TUNGGU)
>> Monitor limit v2 (baca overlay_plan.json + posisi.json)...
>> MONITOR LIMIT XAU V2: STARTED PID 13472 (log: monitor_limit_xau.log)

>>> SIAP - semua otomatis sudah jalan.
>>> TV + overlay + scan + monitor: AKTIF otomatis.
>>> HI FITRA - MODE SIAGA OTOMATIS
>> TradingView mati - menyalakan dengan remote debugging...
>> Chart OK: https://id.tradingview.com/chart/KGDsu1Hl/
>> Health check TradingView Desktop...
TradingView Desktop: TERHUBUNG
WebSocket: ws://127.0.0.1:9222/devtools/browser/5939705f-0f0e-411b-bece-03211a8530b4
Version: Chrome/140.0.7339.133
>> Pasang overlay POSISI LIVE...
Overlay v2 data-driven di-inject: XAUUSD - BUY 4309.5 SUDAH DI-TP (CLOSED)
>> Scan gabungan (D1/H4/H1/M15 + PINE)...
[1440] PINE:none | ANALYZER: trend=BEARISH sig=FLAT_OB_BEAR ready=0% candle=BEAR37% (ekor atas 12% / bawah 51%)
   SMC: BOS-B=N BOS-S=N CHoCH-B=N CHoCH-S=N | OB=BEARISH 4324.7-4524.3 (dist 0.0) [DI DALAM OB] | FVG=tidak ada | BRK=BREAKER_BULL 4362.7-4441.3 [dipakai]
   FIBO: leg UP 4311.0->4697.1 | 38.2=4549.6 50=4504.1 61.8=4458.5 78.6=4393.7 | EXT 127.2=4802.1 161.8=4935.7 261.8=5321.8 | harga 4429.8
   bosLast: BOS-B@3305.4 null | BOS-S@3257.1 null | BOS-B@3379.5 null
   swing: 1535.7 | 1483.3
   boxes: 3177.3-3245.5 | 3176.6-3177.3 | 1459.2-1519.7
[240] PINE:none | ANALYZER: trend=BULLISH sig=FLAT_OB_BULL ready=0% candle=BEAR23% (ekor atas 15% / bawah 62%)
   SMC: BOS-B=N BOS-S=N CHoCH-B=N CHoCH-S=N | OB=BULLISH 4376.2-4479.3 (dist 0.0) [DI DALAM OB] | FVG=BEARISH 4449.0-4460.2 | BRK=BREAKER_BULL 4426.3-4455.9 [dipakai]
   FIBO: leg UP 4282.6->4510.9 | 38.2=4423.7 50=4396.8 61.8=4369.8 78.6=4331.5 | EXT 127.2=4573.0 161.8=4652.0 261.8=4880.3 | harga 4429.8
   bosLast: BOS-S@4011.5 null | BOS-S@4018.8 null | BOS-S@4005.8 null
   swing: 4510.9 | 4282.6
   boxes: 4280.4-4309.2 | 4235.5-4280.4 | 4480.4-4589.6
[60] PINE:none | ANALYZER: trend=BEARISH sig=FLAT_OB_BULL ready=0% candle=BEAR78% (ekor atas 5% / bawah 17%)
   SMC: BOS-B=N BOS-S=N CHoCH-B=N CHoCH-S=N | OB=BULLISH 4376.2-4476.7 (dist 0.0) [DI DALAM OB] | FVG=tidak ada | BRK=BREAKER_BEAR 4460.2-4473.5 [dipakai]
   bosLast: BOS-B@4419.1 null | BOS-S@4406.5 null | BOS-S@4377.8 null
   swing: 4365.6 | 4490.9
   boxes: 4353.0-4362.9 | 4352.3-4353.0 | 4405.8-4406.7
[30] PINE:none | ANALYZER: trend=BEARISH sig=FLAT_OB_BULL ready=0% candle=BEAR9% (ekor atas 52% / bawah 39%)
   SMC: BOS-B=N BOS-S=N CHoCH-B=N CHoCH-S=N | OB=BULLISH 4376.2-4475.1 (dist 0.0) [DI DALAM OB] | FVG=tidak ada | BRK=BREAKER_BULL 4464.5-4476.7 [fresh]
   bosLast: BOS-S@4605.5 null | BOS-S@4609.3 null | BOS-S@4601.6 null
   swing: 4412.0 | 4449.0
   boxes: 4602.0-4613.4 | 4594.7-4602.0 | 4655.2-4660.7
[15] PINE:none | ANALYZER: trend=BULLISH sig=FLAT_OB_BEAR ready=0% candle=BEAR24% (ekor atas 36% / bawah 39%)
   SMC: BOS-B=N BOS-S=N CHoCH-B=N CHoCH-S=N | OB=BEARISH 4422.8-4443.7 (dist 0.0) [DI DALAM OB] | FVG=BEARISH 4431.9-4432.9 | BRK=BREAKER_BEAR 4421.4-4425.8 [fresh]
   FIBO: leg UP 4412.0->4438.6 | 38.2=4428.4 50=4425.3 61.8=4422.1 78.6=4417.7 | EXT 127.2=4445.8 161.8=4455.0 261.8=4481.6 | harga 4429.8
   bosLast: BOS-S@4381.9 null | BOS-S@4385.8 null | BOS-S@4386.1 null
   swing: 4438.6 | 4412.0
   boxes: 4449.2-4451.8 | 4575.1-4590.2 | 4575.1-4590.2
   SNIPER: SELL entry 4431.9 | SL 4433.4 | TP2 4428.9 | risk 1.5 pt | jarak 2.1 pt

===== LAPORAN GABUNGAN INDICATOR PINE + ANALYZER =====
D1: PINE n/a
H4: PINE n/a
H1: PINE n/a
M30: PINE n/a
M15: PINE n/a

Trend 4TF: D1=BEARISH H4=BULLISH H1=BEARISH M15=BULLISH (BENTUR) | FILTER D1: H4 bertentangan dengan D1, hindari entry paksa

===== SWING LIKUIDITAS & ZONA DISKON/PREMIUM =====
  SWEEP: tidak ada sapuan eksternal aktif
  RANGE H4/H1: 4282.6 - 4510.9 | mid 4396.8 | harga 4429.8 = PREMIUM (setengah atas) - bias SELL
  FILTER: FVG/OB BULLISH hanya valid jika ZONA DISKON | FVG/OB BEARISH hanya valid jika ZONA PREMIUM
  FIBO H4 (leg UP 4282.6->4510.9): 38.2=4423.7 50=4396.8 61.8=4369.8 78.6=4331.5 | harga 4429.8 = di atas 50 = PREMIUM, bukan area beli

===== VERDICT GABUNGAN =====
SYARAT KONFLIK: D1=BEARISH vs H4=BULLISH BENTUR -> PULLBACK H4. BUY hanya VALID di DISKON DALAM (konfluen 61.8/FVG), SELL hanya PREMIUM DALAM. Entry lawan bias di zona tengah = NO
>>> NO ENTRY — D1/H4 bentur dan harga BELUM di zona konfluen dalam. TUNGGU harga masuk DISKON/PREMIUM DALAM.
Overlay: tidak ada limit baru (status TUNGGU)
>> Monitor limit v2 (baca overlay_plan.json + posisi.json)...
>> MONITOR LIMIT XAU V2: STARTED PID 12408 (log: monitor_limit_xau.log)

>>> SIAP - semua otomatis sudah jalan.
>>> TV + overlay + scan + monitor: AKTIF otomatis.
