[2026-08-03T02:46:26.088Z] Watcher SELL 4065 aktif. Entry 4065 | SL 4085 | TP1 4050 | TP2 4025
[2026-08-03T02:46:26.254Z] Harga 4059.91
[2026-08-03T02:46:46.278Z] Harga 4059.59
[2026-08-03T02:47:06.313Z] Harga 4059.71
[2026-08-03T02:47:26.339Z] Harga 4061.13
[2026-08-03T02:47:46.361Z] Harga 4060.97
[2026-08-03T02:48:06.378Z] Harga 4060.53
[2026-08-03T02:48:26.413Z] Harga 4061.61
[2026-08-03T02:48:46.431Z] Harga 4062.69
[2026-08-03T02:49:06.464Z] Harga 4063.30
[2026-08-03T02:49:26.496Z] Harga 4065.66 | 🟠 LIMIT SELL 4065 TERISI!
[2026-08-03T02:49:46.525Z] Harga 4063.97
[2026-08-03T02:50:06.538Z] Harga 4063.81
[2026-08-03T02:50:26.562Z] Harga 4064.98
[2026-08-03T02:50:46.583Z] Harga 4064.75
[2026-08-03T02:51:06.603Z] Harga 4064.48
[2026-08-03T02:51:26.628Z] Harga 4064.26
[2026-08-03T02:51:46.659Z] Harga 4063.18
[2026-08-03T02:52:06.681Z] Harga 4063.20
[2026-08-03T02:52:26.698Z] Harga 4063.07
[2026-08-03T02:52:46.715Z] Harga 4063.24
[2026-08-03T02:53:06.737Z] Harga 4063.44
[2026-08-03T02:53:26.764Z] Harga 4063.63
[2026-08-03T02:53:46.782Z] Harga 4064.68
[2026-08-03T02:54:06.818Z] Harga 4063.22
[2026-08-03T02:54:26.842Z] Harga 4063.36
[2026-08-03T02:54:46.871Z] Harga 4062.93
[2026-08-03T02:55:06.900Z] Harga 4062.84
[2026-08-03T02:55:26.925Z] Harga 4063.18
[2026-08-03T02:55:46.945Z] Harga 4062.34
[2026-08-03T02:56:06.965Z] Harga 4061.79
[2026-08-03T02:56:26.992Z] Harga 4062.01
[2026-08-03T02:56:47.011Z] Harga 4062.45
[2026-08-03T02:57:07.028Z] Harga 4062.79
[2026-08-03T02:57:27.047Z] Harga 4063.30
[2026-08-03T02:57:47.075Z] Harga 4063.56
[2026-08-03T02:58:07.089Z] Harga 4062.74
[2026-08-03T02:58:27.147Z] Harga 4063.54
[2026-08-03T02:58:47.172Z] Harga 4063.64
[2026-08-03T02:59:07.198Z] Harga 4063.23
[2026-08-03T02:59:27.219Z] Harga 4063.16
[2026-08-03T02:59:47.245Z] Harga 4062.66
[2026-08-03T03:00:07.268Z] Harga 4062.51
[2026-08-03T03:00:27.288Z] Harga 4062.18
[2026-08-03T03:00:47.312Z] Harga 4061.36
[2026-08-03T03:01:07.338Z] Harga 4061.43
[2026-08-03T03:01:27.361Z] Harga 4061.59
[2026-08-03T03:01:47.391Z] Harga 4063.11
[2026-08-03T03:02:07.411Z] Harga 4062.70
[2026-08-03T03:02:27.432Z] Harga 4062.14
[2026-08-03T03:02:47.456Z] Harga 4062.06
[2026-08-03T03:03:07.472Z] Harga 4062.82
[2026-08-03T03:03:27.492Z] Harga 4062.61
[2026-08-03T03:03:47.521Z] Harga 4063.09
[2026-08-03T03:04:07.540Z] Harga 4062.93
[2026-08-03T03:04:27.564Z] Harga 4063.50
[2026-08-03T03:04:47.581Z] Harga 4062.97
[2026-08-03T03:05:07.607Z] Harga 4062.63
[2026-08-03T03:05:27.631Z] Harga 4064.02
[2026-08-03T03:05:47.651Z] Harga 4064.01
[2026-08-03T03:06:07.679Z] Harga 4065.14
[2026-08-03T03:06:27.711Z] Harga 4064.14
[2026-08-03T03:06:47.736Z] Harga 4064.13
[2026-08-03T03:07:07.763Z] Harga 4064.46
[2026-08-03T03:07:27.794Z] Harga 4063.91
[2026-08-03T03:07:47.829Z] Harga 4063.67
[2026-08-03T03:08:07.855Z] Harga 4062.74
[2026-08-03T03:08:27.871Z] Harga 4063.49
[2026-08-03T03:08:47.896Z] Harga 4062.89
[2026-08-03T03:09:07.912Z] Harga 4062.76
[2026-08-03T03:09:27.936Z] Harga 4062.97
[2026-08-03T03:09:47.999Z] Harga 4064.09
[2026-08-03T03:10:08.026Z] Harga 4064.44
[2026-08-03T03:10:28.044Z] Harga 4063.32
[2026-08-03T03:10:48.072Z] Harga 4063.47
[2026-08-03T03:11:08.091Z] Harga 4064.13
[2026-08-03T03:11:28.118Z] Harga 4063.72
[2026-08-03T03:11:48.154Z] Harga 4063.92
[2026-08-03T03:12:08.179Z] Harga 4064.43
[2026-08-03T03:12:28.201Z] Harga 4064.09
[2026-08-03T03:12:48.217Z] Harga 4064.30
[2026-08-03T03:13:08.243Z] Harga 4064.01
[2026-08-03T03:13:28.270Z] Harga 4064.14
[2026-08-03T03:13:48.286Z] Harga 4064.16
[2026-08-03T03:14:08.303Z] Harga 4064.47
[2026-08-03T03:14:28.329Z] Harga 4064.28
[2026-08-03T03:14:48.360Z] Harga 4064.55
[2026-08-03T03:15:08.389Z] Harga 4064.39
[2026-08-03T03:15:28.403Z] Harga 4065.94
[2026-08-03T03:15:48.428Z] Harga 4064.54
[2026-08-03T03:16:08.451Z] Harga 4063.53
[2026-08-03T03:16:28.479Z] Harga 4063.60
[2026-08-03T03:16:48.503Z] Harga 4064.22
[2026-08-03T03:17:08.527Z] Harga 4064.20
[2026-08-03T03:17:28.545Z] Harga 4065.79
[2026-08-03T03:17:48.570Z] Harga 4065.59
[2026-08-03T03:18:08.596Z] Harga 4065.45
[2026-08-03T03:18:28.622Z] Harga 4065.84
[2026-08-03T03:18:48.639Z] Harga 4066.63
[2026-08-03T03:19:08.656Z] Harga 4066.52
[2026-08-03T03:19:28.678Z] Harga 4067.49
[2026-08-03T03:19:48.701Z] Harga 4067.57
[2026-08-03T03:20:08.720Z] Harga 4067.73
[2026-08-03T03:20:28.745Z] Harga 4066.80
[2026-08-03T03:20:48.763Z] Harga 4066.74
[2026-08-03T03:21:08.787Z] Harga 4066.53
[2026-08-03T03:21:28.808Z] Harga 4065.93
[2026-08-03T03:21:48.825Z] Harga 4066.07
[2026-08-03T03:22:08.854Z] Harga 4065.59
[2026-08-03T03:22:28.908Z] Harga 4065.26
[2026-08-03T03:22:48.940Z] Harga 4065.11
[2026-08-03T03:23:08.966Z] Harga 4062.01
[2026-08-03T03:23:28.983Z] Harga 4062.11
[2026-08-03T03:23:49.001Z] Harga 4063.46
[2026-08-03T03:24:09.020Z] Harga 4063.48
[2026-08-03T03:24:29.040Z] Harga 4063.26
[2026-08-03T03:24:49.053Z] Harga 4063.07
[2026-08-03T03:25:09.079Z] Harga 4063.07
[2026-08-03T03:25:29.103Z] Harga 4062.39
[2026-08-03T03:25:49.124Z] Harga 4063.48
[2026-08-03T03:26:09.190Z] Harga 4063.86
[2026-08-03T03:26:29.209Z] Harga 4063.80
[2026-08-03T03:26:49.238Z] Harga 4063.61
[2026-08-03T03:27:09.261Z] Harga 4064.26
[2026-08-03T03:27:29.286Z] Harga 4064.41
[2026-08-03T03:27:49.322Z] Harga 4064.72
[2026-08-03T03:28:09.354Z] Harga 4063.91
[2026-08-03T03:28:29.375Z] Harga 4063.78
[2026-08-03T03:28:49.407Z] Harga 4063.64
[2026-08-03T03:29:09.431Z] Harga 4063.57
[2026-08-03T03:29:29.461Z] Harga 4063.91
[2026-08-03T03:29:49.485Z] Harga 4063.84
[2026-08-03T03:30:00.166Z] Watcher v2 AKTIF (5 detik). SELL 4065 | SL 4085 | TP1 4050 | TP2 4025 | breakout 4072
[2026-08-03T03:30:09.514Z] Harga 4063.97
[2026-08-03T03:30:29.542Z] Harga 4063.39
[2026-08-03T03:30:49.575Z] Harga 4062.87
[2026-08-03T03:31:09.600Z] Harga 4063.24
[2026-08-03T03:31:29.628Z] Harga 4064.14
[2026-08-03T03:31:49.661Z] Harga 4064.03
[2026-08-03T03:32:09.694Z] Harga 4063.24
[2026-08-03T03:32:29.712Z] Harga 4063.70
[2026-08-03T03:32:49.734Z] Harga 4064.03
[2026-08-03T03:33:09.757Z] Harga 4064.26
[2026-08-03T03:33:29.785Z] Harga 4064.61
[2026-08-03T03:33:49.802Z] Harga 4063.91
[2026-08-03T03:34:09.838Z] Harga 4063.61
[2026-08-03T03:34:29.858Z] Harga 4064.41
[2026-08-03T03:34:49.891Z] Harga 4063.84
[2026-08-03T03:34:57.047Z] Watcher v2 AKTIF (5 detik). SELL 4065 | SL 4085 | TP1 4050 | TP2 4025 | breakout 4072
[2026-08-03T03:35:09.912Z] Harga 4063.24
[2026-08-03T03:35:29.938Z] Harga 4063.21
[2026-08-03T03:35:49.964Z] Harga 4062.03
[2026-08-03T03:36:10.013Z] Harga 4062.30
[2026-08-03T03:36:30.033Z] Harga 4061.78
[2026-08-03T03:36:45.399Z] Watcher v2 AKTIF (5 detik). SELL 4065 | SL 4085 | TP1 4050 | TP2 4025 | breakout 4072
[2026-08-03T03:36:50.057Z] Harga 4062.16
[2026-08-03T03:37:10.097Z] Harga 4062.28
[2026-08-03T03:37:30.129Z] Harga 4061.77
[2026-08-03T03:37:50.154Z] Harga 4061.57
[2026-08-03T03:38:10.175Z] Harga 4061.84
[2026-08-03T03:38:30.199Z] Harga 4062.39
[2026-08-03T03:38:50.222Z] Harga 4062.83
[2026-08-03T03:39:10.250Z] Harga 4062.53
[2026-08-03T03:39:30.278Z] Harga 4062.75
[2026-08-03T03:39:50.294Z] Harga 4062.70
[2026-08-03T03:40:10.306Z] Harga 4062.76
[2026-08-03T03:40:30.326Z] Harga 4063.50
[2026-08-03T03:40:50.344Z] Harga 4063.53
[2026-08-03T03:41:10.357Z] Harga 4063.39
[2026-08-03T03:41:30.384Z] Harga 4062.39
[2026-08-03T03:41:50.410Z] Harga 4062.07
[2026-08-03T03:42:10.435Z] Harga 4062.11
[2026-08-03T03:42:30.457Z] Harga 4062.28
[2026-08-03T03:42:50.486Z] Harga 4062.14
[2026-08-03T03:43:10.510Z] Harga 4062.32
[2026-08-03T03:43:30.527Z] Harga 4061.98
[2026-08-03T03:43:50.550Z] Harga 4061.77
[2026-08-03T03:44:10.569Z] Harga 4061.88
[2026-08-03T03:44:30.587Z] Harga 4061.19
[2026-08-03T03:44:50.608Z] Harga 4061.05
[2026-08-03T03:45:10.623Z] Harga 4060.82
[2026-08-03T03:45:30.643Z] Harga 4060.10
[2026-08-03T03:45:50.659Z] Harga 4060.13
[2026-08-03T03:46:10.675Z] Harga 4059.70
[2026-08-03T03:46:30.699Z] Harga 4060.80
[2026-08-03T03:46:50.718Z] Harga 4060.43
[2026-08-03T03:47:10.734Z] Harga 4060.58
[2026-08-03T03:47:30.757Z] Harga 4060.69
[2026-08-03T03:47:50.772Z] Harga 4060.78
[2026-08-03T03:48:10.792Z] Harga 4060.89
[2026-08-03T03:48:30.818Z] Harga 4060.88
[2026-08-03T03:48:50.843Z] Harga 4061.16
[2026-08-03T03:49:10.860Z] Harga 4060.86
[2026-08-03T03:49:30.879Z] Harga 4061.36
[2026-08-03T03:49:50.905Z] Harga 4061.28
[2026-08-03T03:50:10.926Z] Harga 4061.53
[2026-08-03T03:50:30.939Z] Harga 4061.91
[2026-08-03T03:50:50.962Z] Harga 4062.98
[2026-08-03T03:51:10.990Z] Harga 4063.41
[2026-08-03T03:51:31.007Z] Harga 4062.35
[2026-08-03T03:51:51.024Z] Harga 4062.90
[2026-08-03T03:52:11.048Z] Harga 4063.95
[2026-08-03T03:52:31.069Z] Harga 4064.97
[2026-08-03T03:52:51.087Z] Harga 4064.84
[2026-08-03T03:53:11.111Z] Harga 4065.59
[2026-08-03T03:53:31.132Z] Harga 4065.09
[2026-08-03T03:53:51.151Z] Harga 4064.60
[2026-08-03T03:54:11.167Z] Harga 4064.39
[2026-08-03T03:54:31.188Z] Harga 4065.53
[2026-08-03T03:54:51.200Z] Harga 4066.16
[2026-08-03T03:55:11.229Z] Harga 4066.30
[2026-08-03T03:55:31.245Z] Harga 4066.72
[2026-08-03T03:55:51.264Z] Harga 4066.28
[2026-08-03T03:56:11.290Z] Harga 4066.13
[2026-08-03T03:56:31.311Z] Harga 4065.76
[2026-08-03T03:56:51.324Z] Harga 4064.55
[2026-08-03T03:57:11.340Z] Harga 4064.47
[2026-08-03T03:57:31.364Z] Harga 4064.34
[2026-08-03T03:57:51.396Z] Harga 4064.75
[2026-08-03T03:58:11.428Z] Harga 4064.76
[2026-08-03T03:58:31.452Z] Harga 4065.07
[2026-08-03T03:58:51.479Z] Harga 4065.11
[2026-08-03T03:59:11.508Z] Harga 4064.80
[2026-08-03T03:59:31.526Z] Harga 4064.66
[2026-08-03T03:59:51.540Z] Harga 4064.84
[2026-08-03T04:00:11.563Z] Harga 4065.27
[2026-08-03T04:00:31.591Z] Harga 4066.05
[2026-08-03T04:00:51.605Z] Harga 4065.67
[2026-08-03T04:01:11.627Z] Harga 4065.31
[2026-08-03T04:01:31.644Z] Harga 4065.40
[2026-08-03T04:01:51.658Z] Harga 4065.45
[2026-08-03T04:02:11.715Z] Harga 4066.15
[2026-08-03T04:02:31.727Z] Harga 4065.85
[2026-08-03T04:02:51.751Z] Harga 4065.69
[2026-08-03T04:03:11.769Z] Harga 4065.59
[2026-08-03T04:03:31.799Z] Harga 4065.31
[2026-08-03T04:03:51.812Z] Harga 4066.64
[2026-08-03T04:04:11.829Z] Harga 4066.00
[2026-08-03T04:04:31.858Z] Harga 4066.11
[2026-08-03T04:04:51.897Z] Harga 4066.31
[2026-08-03T04:05:11.916Z] Harga 4066.39
[2026-08-03T04:05:31.939Z] Harga 4066.84
[2026-08-03T04:05:51.961Z] Harga 4066.39
[2026-08-03T04:06:11.991Z] Harga 4066.49
[2026-08-03T04:06:32.017Z] Harga 4067.09
[2026-08-03T04:06:52.037Z] Harga 4066.53
[2026-08-03T04:07:12.063Z] Harga 4067.49
[2026-08-03T04:07:32.113Z] Harga 4067.99
[2026-08-03T04:07:52.131Z] Harga 4067.97
[2026-08-03T04:08:12.143Z] Harga 4067.63
[2026-08-03T04:08:32.155Z] Harga 4068.06
[2026-08-03T04:08:52.177Z] Harga 4067.85
[2026-08-03T04:09:12.202Z] Harga 4066.98
[2026-08-03T04:09:32.223Z] Harga 4067.18
[2026-08-03T04:09:52.246Z] Harga 4065.80
[2026-08-03T04:10:12.268Z] Harga 4065.95
[2026-08-03T04:10:32.285Z] Harga 4065.64
[2026-08-03T04:10:52.309Z] Harga 4065.88
[2026-08-03T04:11:12.331Z] Harga 4065.88
[2026-08-03T04:11:32.354Z] Harga 4065.70
[2026-08-03T04:11:52.372Z] Harga 4065.77
[2026-08-03T04:12:12.400Z] Harga 4065.60
[2026-08-03T04:12:32.415Z] Harga 4065.79
[2026-08-03T04:12:52.436Z] Harga 4065.54
[2026-08-03T04:13:12.449Z] Harga 4065.82
[2026-08-03T04:13:32.463Z] Harga 4066.64
[2026-08-03T04:13:52.480Z] Harga 4066.32
[2026-08-03T04:14:12.502Z] Harga 4066.24
[2026-08-03T04:14:32.512Z] Harga 4066.22
[2026-08-03T04:14:52.527Z] Harga 4066.49
[2026-08-03T04:15:12.552Z] Harga 4066.39
[2026-08-03T04:15:32.574Z] Harga 4066.57
[2026-08-03T04:15:52.615Z] Harga 4066.69
[2026-08-03T04:16:12.627Z] Harga 4067.36
[2026-08-03T04:16:32.647Z] Harga 4066.78
[2026-08-03T04:16:52.668Z] Harga 4067.05
[2026-08-03T04:17:12.688Z] Harga 4069.87
[2026-08-03T04:17:32.713Z] Harga 4068.93
[2026-08-03T04:17:52.736Z] Harga 4068.24
[2026-08-03T04:18:12.760Z] Harga 4068.33
[2026-08-03T04:18:32.775Z] Harga 4068.63
[2026-08-03T04:18:52.800Z] Harga 4068.18
[2026-08-03T04:19:12.823Z] Harga 4068.49
[2026-08-03T04:19:32.846Z] Harga 4068.64
[2026-08-03T04:19:52.876Z] Harga 4069.45
[2026-08-03T04:20:12.902Z] Harga 4069.89
[2026-08-03T04:20:32.920Z] Harga 4069.78
[2026-08-03T04:20:52.940Z] Harga 4069.59
[2026-08-03T04:21:12.969Z] Harga 4069.99
[2026-08-03T04:21:32.994Z] Harga 4070.80
[2026-08-03T04:21:53.015Z] Harga 4070.60
[2026-08-03T04:22:13.031Z] Harga 4070.53
[2026-08-03T04:22:33.045Z] Harga 4071.07
[2026-08-03T04:22:53.067Z] Harga 4070.11
[2026-08-03T04:23:13.090Z] Harga 4069.36
[2026-08-03T04:23:33.112Z] Harga 4069.28
[2026-08-03T04:23:53.133Z] Harga 4069.07
[2026-08-03T04:24:13.158Z] Harga 4069.01
[2026-08-03T04:24:33.176Z] Harga 4069.14
[2026-08-03T04:24:53.199Z] Harga 4069.14
[2026-08-03T04:25:13.213Z] Harga 4068.91
[2026-08-03T04:25:33.237Z] Harga 4069.99
[2026-08-03T04:25:53.255Z] Harga 4069.68
[2026-08-03T04:26:13.270Z] Harga 4069.27
[2026-08-03T04:26:33.293Z] Harga 4068.45
[2026-08-03T04:26:53.317Z] Harga 4068.29
[2026-08-03T04:27:13.341Z] Harga 4068.43
[2026-08-03T04:27:33.361Z] Harga 4068.51
[2026-08-03T04:27:53.394Z] Harga 4068.47
[2026-08-03T04:28:13.417Z] Harga 4068.49
[2026-08-03T04:28:33.430Z] Harga 4068.18
[2026-08-03T04:28:53.455Z] Harga 4068.23
[2026-08-03T04:29:13.483Z] Harga 4068.36
[2026-08-03T04:29:33.505Z] Harga 4068.35
[2026-08-03T04:29:53.541Z] Harga 4068.24
[2026-08-03T04:30:13.558Z] Harga 4068.57
[2026-08-03T04:30:33.583Z] Harga 4070.05
[2026-08-03T04:30:53.607Z] Harga 4069.84
[2026-08-03T04:31:13.632Z] Harga 4070.14
[2026-08-03T04:31:33.655Z] Harga 4070.54
[2026-08-03T04:31:53.673Z] Harga 4070.28
[2026-08-03T04:32:13.698Z] Harga 4070.76
[2026-08-03T04:32:33.719Z] Harga 4070.80
[2026-08-03T04:32:53.742Z] Harga 4070.73
[2026-08-03T04:33:13.759Z] Harga 4070.83
[2026-08-03T04:33:33.785Z] Harga 4070.72
[2026-08-03T04:33:53.809Z] Harga 4070.48
[2026-08-03T04:34:13.830Z] Harga 4070.59
[2026-08-03T04:34:33.842Z] Harga 4070.84
[2026-08-03T04:34:53.856Z] Harga 4070.70
[2026-08-03T04:35:13.871Z] Harga 4070.70
[2026-08-03T04:35:33.901Z] Harga 4070.26
[2026-08-03T04:35:53.915Z] Harga 4070.78
[2026-08-03T04:36:13.927Z] Harga 4070.93
[2026-08-03T04:36:33.951Z] Harga 4070.20
[2026-08-03T04:36:53.969Z] Harga 4069.70
[2026-08-03T04:37:13.989Z] Harga 4069.43
[2026-08-03T04:37:34.009Z] Harga 4069.13
[2026-08-03T04:37:54.032Z] Harga 4068.66
[2026-08-03T04:38:14.056Z] Harga 4068.91
[2026-08-03T04:38:34.077Z] Harga 4069.13
[2026-08-03T04:38:54.091Z] Harga 4069.95
[2026-08-03T04:39:14.106Z] Harga 4069.59
[2026-08-03T04:39:34.125Z] Harga 4070.09
[2026-08-03T04:39:54.143Z] Harga 4069.71
[2026-08-03T04:40:14.160Z] Harga 4069.76
[2026-08-03T04:40:34.173Z] Harga 4069.91
[2026-08-03T04:40:54.189Z] Harga 4069.12
[2026-08-03T04:41:14.218Z] Harga 4069.24
[2026-08-03T04:41:34.234Z] Harga 4069.78
[2026-08-03T04:41:54.255Z] Harga 4069.36
[2026-08-03T04:42:14.281Z] Harga 4069.36
[2026-08-03T04:42:34.295Z] Harga 4069.71
[2026-08-03T04:42:54.321Z] Harga 4069.65
[2026-08-03T04:43:14.346Z] Harga 4069.47
[2026-08-03T04:43:34.373Z] Harga 4069.39
[2026-08-03T04:43:54.403Z] Harga 4069.48
[2026-08-03T04:44:14.430Z] Harga 4069.36
[2026-08-03T04:44:34.455Z] Harga 4069.22
[2026-08-03T04:44:54.484Z] Harga 4070.08
[2026-08-03T04:45:14.503Z] Harga 4070.49
[2026-08-03T04:45:34.517Z] Harga 4069.90
[2026-08-03T04:45:54.542Z] Harga 4069.80
[2026-08-03T04:46:14.559Z] Harga 4069.64
[2026-08-03T04:46:34.585Z] Harga 4069.39
[2026-08-03T04:46:54.601Z] Harga 4069.75
[2026-08-03T04:47:14.628Z] Harga 4069.61
[2026-08-03T04:47:34.640Z] Harga 4069.70
[2026-08-03T04:47:54.656Z] Harga 4069.20
[2026-08-03T04:48:14.669Z] Harga 4069.28
[2026-08-03T04:48:34.689Z] Harga 4070.20
[2026-08-03T04:48:54.715Z] Harga 4071.19
[2026-08-03T04:49:14.727Z] Harga 4071.64
[2026-08-03T04:49:34.740Z] Harga 4071.47
[2026-08-03T04:49:54.755Z] Harga 4071.34
[2026-08-03T04:50:14.777Z] Harga 4071.37
[2026-08-03T04:50:34.790Z] Harga 4071.54
[2026-08-03T04:50:54.815Z] Harga 4070.91
[2026-08-03T04:51:14.830Z] Harga 4070.80
[2026-08-03T04:51:34.850Z] Harga 4070.55
[2026-08-03T04:51:54.861Z] Harga 4068.41
[2026-08-03T04:52:14.874Z] Harga 4068.66
[2026-08-03T04:52:34.897Z] Harga 4068.43
[2026-08-03T04:52:54.916Z] Harga 4068.36
[2026-08-03T04:53:14.944Z] Harga 4068.36
[2026-08-03T04:53:34.965Z] Harga 4068.55
[2026-08-03T04:53:54.983Z] Harga 4068.14
[2026-08-03T04:54:14.996Z] Harga 4067.91
[2026-08-03T04:54:35.020Z] Harga 4067.87
[2026-08-03T04:54:55.048Z] Harga 4067.99
[2026-08-03T04:55:15.079Z] Harga 4068.14
[2026-08-03T04:55:35.099Z] Harga 4067.64
[2026-08-03T04:55:55.118Z] Harga 4067.49
[2026-08-03T04:56:15.135Z] Harga 4067.69
[2026-08-03T04:56:35.160Z] Harga 4068.08
[2026-08-03T04:56:55.185Z] Harga 4068.05
[2026-08-03T04:57:15.197Z] Harga 4067.62
[2026-08-03T04:57:35.222Z] Harga 4066.99
[2026-08-03T04:57:55.233Z] Harga 4067.09
[2026-08-03T04:58:15.248Z] Harga 4066.78
[2026-08-03T04:58:35.269Z] Harga 4065.72
[2026-08-03T04:58:55.290Z] Harga 4065.74
[2026-08-03T04:59:15.305Z] Harga 4066.04
[2026-08-03T04:59:35.330Z] Harga 4065.11
[2026-08-03T04:59:55.345Z] Harga 4065.18
[2026-08-03T05:00:15.358Z] Harga 4063.75
[2026-08-03T05:00:35.390Z] Harga 4063.47
[2026-08-03T05:00:55.409Z] Harga 4064.51
[2026-08-03T05:01:15.433Z] Harga 4063.60
[2026-08-03T05:01:35.454Z] Harga 4064.32
[2026-08-03T05:01:55.471Z] Harga 4064.09
[2026-08-03T05:02:15.495Z] Harga 4064.27
[2026-08-03T05:02:35.510Z] Harga 4064.55
[2026-08-03T05:02:55.525Z] Harga 4064.60
[2026-08-03T05:03:15.541Z] Harga 4065.09
[2026-08-03T05:03:35.565Z] Harga 4063.55
[2026-08-03T05:03:55.588Z] Harga 4062.97
[2026-08-03T05:04:15.600Z] Harga 4062.99
[2026-08-03T05:04:35.613Z] Harga 4063.71
[2026-08-03T05:04:55.628Z] Harga 4062.59
[2026-08-03T05:05:15.646Z] Harga 4062.36
[2026-08-03T05:05:35.663Z] Harga 4062.11
[2026-08-03T05:05:55.687Z] Harga 4061.80
[2026-08-03T05:06:15.707Z] Harga 4061.53
[2026-08-03T05:06:35.724Z] Harga 4062.18
[2026-08-03T05:06:55.752Z] Harga 4062.20
[2026-08-03T05:07:15.766Z] Harga 4062.05
[2026-08-03T05:07:35.790Z] Harga 4061.47
[2026-08-03T05:07:55.807Z] Harga 4061.86
[2026-08-03T05:08:15.819Z] Harga 4061.72
[2026-08-03T05:08:35.843Z] Harga 4061.63
[2026-08-03T05:08:55.864Z] Harga 4061.18
[2026-08-03T05:09:15.912Z] Harga 4061.80
[2026-08-03T05:09:35.931Z] Harga 4061.91
[2026-08-03T05:09:55.945Z] Harga 4061.55
[2026-08-03T05:10:15.977Z] Harga 4060.80
[2026-08-03T05:10:36.002Z] Harga 4059.53
[2026-08-03T05:10:56.023Z] Harga 4058.98
[2026-08-03T05:11:16.040Z] Harga 4058.23
[2026-08-03T05:11:36.059Z] Harga 4057.86
[2026-08-03T05:11:56.077Z] Harga 4058.73
[2026-08-03T05:12:16.094Z] Harga 4057.26
[2026-08-03T05:12:36.113Z] Harga 4057.09
[2026-08-03T05:12:56.124Z] Harga 4057.11
[2026-08-03T05:13:16.142Z] Harga 4057.05
[2026-08-03T05:13:36.161Z] Harga 4057.53
[2026-08-03T05:13:56.182Z] Harga 4057.53
[2026-08-03T05:14:16.193Z] Harga 4057.56
[2026-08-03T05:14:36.213Z] Harga 4057.54
[2026-08-03T05:14:56.231Z] Harga 4057.24
[2026-08-03T05:15:16.253Z] Harga 4057.67
[2026-08-03T05:15:36.272Z] Harga 4057.20
[2026-08-03T05:15:56.300Z] Harga 4057.18
[2026-08-03T05:16:16.314Z] Harga 4056.61
[2026-08-03T05:16:36.331Z] Harga 4057.38
[2026-08-03T05:16:56.348Z] Harga 4056.71
[2026-08-03T05:17:16.364Z] Harga 4055.35
[2026-08-03T05:17:36.396Z] Harga 4055.36
[2026-08-03T05:17:56.419Z] Harga 4056.36
[2026-08-03T05:18:16.443Z] Harga 4056.41
[2026-08-03T05:18:36.460Z] Harga 4057.20
[2026-08-03T05:18:56.485Z] Harga 4057.49
[2026-08-03T05:19:16.501Z] Harga 4057.15
[2026-08-03T05:19:36.518Z] Harga 4057.09
[2026-08-03T05:19:56.533Z] Harga 4056.62
[2026-08-03T05:20:16.544Z] Harga 4056.12
[2026-08-03T05:20:36.558Z] Harga 4057.16
[2026-08-03T05:20:56.578Z] Harga 4057.01
[2026-08-03T05:21:16.593Z] Harga 4057.64
[2026-08-03T05:21:36.610Z] Harga 4057.95
[2026-08-03T05:21:56.635Z] Harga 4057.87
[2026-08-03T05:22:16.658Z] Harga 4057.64
[2026-08-03T05:22:36.671Z] Harga 4057.95
[2026-08-03T05:22:56.685Z] Harga 4057.83
[2026-08-03T05:23:16.709Z] Harga 4057.63
[2026-08-03T05:23:36.734Z] Harga 4057.35
[2026-08-03T05:23:56.746Z] Harga 4057.47
[2026-08-03T05:24:16.762Z] Harga 4059.08
[2026-08-03T05:24:36.777Z] Harga 4058.96
[2026-08-03T05:24:56.796Z] Harga 4058.89
[2026-08-03T05:25:16.819Z] Harga 4058.78
[2026-08-03T05:25:36.831Z] Harga 4059.28
[2026-08-03T05:25:56.848Z] Harga 4059.86
[2026-08-03T05:26:16.870Z] Harga 4060.08
[2026-08-03T05:26:36.894Z] Harga 4059.84
[2026-08-03T05:26:56.908Z] Harga 4061.32
[2026-08-03T05:27:16.931Z] Harga 4061.66
[2026-08-03T05:27:36.946Z] Harga 4061.09
[2026-08-03T05:27:56.962Z] Harga 4060.57
[2026-08-03T05:28:16.982Z] Harga 4060.45
[2026-08-03T05:28:36.996Z] Harga 4060.34
[2026-08-03T05:28:57.021Z] Harga 4060.45
[2026-08-03T05:29:17.044Z] Harga 4060.64
[2026-08-03T05:29:37.076Z] Harga 4060.73
[2026-08-03T05:29:57.091Z] Harga 4060.82
[2026-08-03T05:30:17.106Z] Harga 4059.26
[2026-08-03T05:30:37.126Z] Harga 4060.47
[2026-08-03T05:30:57.150Z] Harga 4060.30
[2026-08-03T05:31:17.169Z] Harga 4059.07
[2026-08-03T05:31:37.182Z] Harga 4059.57
[2026-08-03T05:31:57.203Z] Harga 4059.87
[2026-08-03T05:32:17.216Z] Harga 4060.44
[2026-08-03T05:32:37.234Z] Harga 4060.03
[2026-08-03T05:32:57.255Z] Harga 4059.89
[2026-08-03T05:33:17.281Z] Harga 4059.09
[2026-08-03T05:33:37.297Z] Harga 4060.19
[2026-08-03T05:33:57.313Z] Harga 4059.11
[2026-08-03T05:34:17.327Z] Harga 4058.57
[2026-08-03T05:34:37.343Z] Harga 4058.40
[2026-08-03T05:34:57.369Z] Harga 4056.36
[2026-08-03T05:35:17.394Z] Harga 4056.57
[2026-08-03T05:35:37.419Z] Harga 4056.99
[2026-08-03T05:35:57.475Z] Harga 4057.64
[2026-08-03T05:36:17.500Z] Harga 4056.56
[2026-08-03T05:36:37.515Z] Harga 4055.68
[2026-08-03T05:36:57.529Z] Harga 4056.13
[2026-08-03T05:37:17.552Z] Harga 4057.01
[2026-08-03T05:37:37.563Z] Harga 4057.28
[2026-08-03T05:37:57.583Z] Harga 4058.32
[2026-08-03T05:38:17.599Z] Harga 4058.39
[2026-08-03T05:38:37.618Z] Harga 4058.68
[2026-08-03T05:38:57.638Z] Harga 4059.34
[2026-08-03T05:39:17.665Z] Harga 4059.91
[2026-08-03T05:39:37.681Z] Harga 4058.23
[2026-08-03T05:39:57.700Z] Harga 4057.55
[2026-08-03T05:40:17.723Z] Harga 4057.61
[2026-08-03T05:40:37.738Z] Harga 4057.74
[2026-08-03T05:40:57.752Z] Harga 4058.66
[2026-08-03T05:41:17.775Z] Harga 4059.61
[2026-08-03T05:41:37.798Z] Harga 4059.04
[2026-08-03T05:41:57.822Z] Harga 4059.46
[2026-08-03T05:42:17.842Z] Harga 4059.74
[2026-08-03T05:42:37.867Z] Harga 4062.61
[2026-08-03T05:42:57.895Z] Harga 4063.39
[2026-08-03T05:43:17.915Z] Harga 4061.93
[2026-08-03T05:43:37.937Z] Harga 4062.74
[2026-08-03T05:43:57.957Z] Harga 4064.28
[2026-08-03T05:44:17.970Z] Harga 4064.55
[2026-08-03T05:44:37.990Z] Harga 4063.19
[2026-08-03T05:44:58.017Z] Harga 4063.40
[2026-08-03T05:45:18.039Z] Harga 4063.30
[2026-08-03T05:45:38.059Z] Harga 4062.63
[2026-08-03T05:45:58.080Z] Harga 4062.34
[2026-08-03T05:46:18.105Z] Harga 4061.99
[2026-08-03T05:46:38.123Z] Harga 4061.72
[2026-08-03T05:46:58.139Z] Harga 4062.57
[2026-08-03T05:47:18.167Z] Harga 4062.80
[2026-08-03T05:47:38.185Z] Harga 4063.41
[2026-08-03T05:47:58.200Z] Harga 4062.60
[2026-08-03T05:48:18.222Z] Harga 4061.11
[2026-08-03T05:48:38.249Z] Harga 4060.63
[2026-08-03T05:48:58.276Z] Harga 4060.49
[2026-08-03T05:49:18.306Z] Harga 4060.22
[2026-08-03T05:49:38.317Z] Harga 4059.59
[2026-08-03T05:49:58.334Z] Harga 4060.22
[2026-08-03T05:50:18.348Z] Harga 4060.38
[2026-08-03T05:50:38.366Z] Harga 4060.26
[2026-08-03T05:50:58.395Z] Harga 4059.62
[2026-08-03T05:51:18.412Z] Harga 4059.90
[2026-08-03T05:51:38.437Z] Harga 4060.24
[2026-08-03T05:51:58.455Z] Harga 4060.03
[2026-08-03T05:52:18.469Z] Harga 4060.03
[2026-08-03T05:52:38.481Z] Harga 4062.16
[2026-08-03T05:52:58.514Z] Harga 4062.48
[2026-08-03T05:53:18.529Z] Harga 4062.44
[2026-08-03T05:53:38.552Z] Harga 4062.53
[2026-08-03T05:53:58.578Z] Harga 4063.47
[2026-08-03T05:54:18.590Z] Harga 4064.35
[2026-08-03T05:54:38.610Z] Harga 4064.09
[2026-08-03T05:54:58.635Z] Harga 4065.27
[2026-08-03T05:55:18.652Z] Harga 4065.86
[2026-08-03T05:55:38.676Z] Harga 4065.95
[2026-08-03T05:55:58.694Z] Harga 4065.09
[2026-08-03T05:56:18.712Z] Harga 4065.16
[2026-08-03T05:56:38.736Z] Harga 4065.57
[2026-08-03T05:56:58.753Z] Harga 4065.93
[2026-08-03T05:57:18.768Z] Harga 4065.82
[2026-08-03T05:57:38.785Z] Harga 4066.08
[2026-08-03T05:57:58.809Z] Harga 4066.35
[2026-08-03T05:58:18.834Z] Harga 4068.16
[2026-08-03T05:58:38.861Z] Harga 4068.91
[2026-08-03T05:58:58.880Z] Harga 4069.15
[2026-08-03T05:59:18.904Z] Harga 4069.60
[2026-08-03T05:59:38.932Z] Harga 4069.47
[2026-08-03T05:59:58.957Z] Harga 4069.24
[2026-08-03T06:00:18.980Z] Harga 4070.20
[2026-08-03T06:00:38.995Z] Harga 4070.01
[2026-08-03T06:00:59.016Z] Harga 4069.49
[2026-08-03T06:01:19.036Z] Harga 4069.70
[2026-08-03T06:01:39.055Z] Harga 4068.59
[2026-08-03T06:01:59.086Z] Harga 4069.12
[2026-08-03T06:02:19.098Z] Harga 4069.59
[2026-08-03T06:02:39.116Z] Harga 4069.81
[2026-08-03T06:02:59.140Z] Harga 4070.06
[2026-08-03T06:03:19.161Z] Harga 4070.14
[2026-08-03T06:03:39.238Z] Harga 4069.89
[2026-08-03T06:03:59.259Z] Harga 4068.99
[2026-08-03T06:04:19.285Z] Harga 4068.49
[2026-08-03T06:04:39.307Z] Harga 4069.38
[2026-08-03T06:04:59.320Z] Harga 4067.80
[2026-08-03T06:05:19.336Z] Harga 4068.99
[2026-08-03T06:05:39.356Z] Harga 4069.74
[2026-08-03T06:05:59.388Z] Harga 4070.30
[2026-08-03T06:06:19.400Z] Harga 4068.21
[2026-08-03T06:06:39.423Z] Harga 4069.09
[2026-08-03T06:06:59.444Z] Harga 4069.34
[2026-08-03T06:07:19.457Z] Harga 4068.74
[2026-08-03T06:07:39.477Z] Harga 4067.91
[2026-08-03T06:07:59.493Z] Harga 4068.61
[2026-08-03T06:08:19.511Z] Harga 4068.20
[2026-08-03T06:08:39.535Z] Harga 4068.16
[2026-08-03T06:08:59.562Z] Harga 4068.24
[2026-08-03T06:09:19.585Z] Harga 4067.99
[2026-08-03T06:09:39.600Z] Harga 4067.95
[2026-08-03T06:09:59.611Z] Harga 4067.68
[2026-08-03T06:10:19.627Z] Harga 4068.13
[2026-08-03T06:10:39.649Z] Harga 4068.09
[2026-08-03T06:10:59.668Z] Harga 4067.96
[2026-08-03T06:11:19.683Z] Harga 4067.26
[2026-08-03T06:11:39.699Z] Harga 4066.63
[2026-08-03T06:11:59.725Z] Harga 4067.12
[2026-08-03T06:12:19.749Z] Harga 4067.22
[2026-08-03T06:12:39.791Z] Harga 4067.07
[2026-08-03T06:12:59.823Z] Harga 4066.43
[2026-08-03T06:13:19.836Z] Harga 4066.57
[2026-08-03T06:13:39.860Z] Harga 4066.80
[2026-08-03T06:13:59.901Z] Harga 4067.09
[2026-08-03T06:14:19.925Z] Harga 4066.47
[2026-08-03T06:14:39.949Z] Harga 4066.59
[2026-08-03T06:14:59.967Z] Harga 4066.68
[2026-08-03T06:15:19.988Z] Harga 4065.74
[2026-08-03T06:15:40.013Z] Harga 4066.39
[2026-08-03T06:16:00.042Z] Harga 4066.47
[2026-08-03T06:16:20.062Z] Harga 4068.39
[2026-08-03T06:16:40.093Z] Harga 4067.30
[2026-08-03T06:17:00.111Z] Harga 4067.42
[2026-08-03T06:17:20.149Z] Harga 4068.20
[2026-08-03T06:17:40.173Z] Harga 4068.24
[2026-08-03T06:18:00.217Z] Harga 4068.24
[2026-08-03T06:18:20.230Z] Harga 4069.11
[2026-08-03T06:18:40.251Z] Harga 4069.04
[2026-08-03T06:19:00.271Z] Harga 4068.41
[2026-08-03T06:19:20.292Z] Harga 4069.03
[2026-08-03T06:19:40.321Z] Harga 4069.20
[2026-08-03T06:20:00.338Z] Harga 4069.72
[2026-08-03T06:20:20.361Z] Harga 4069.07
[2026-08-03T06:20:40.373Z] Harga 4069.44
[2026-08-03T06:21:00.398Z] Harga 4068.54
[2026-08-03T06:21:20.413Z] Harga 4068.66
[2026-08-03T06:21:40.434Z] Harga 4068.55
[2026-08-03T06:22:00.460Z] Harga 4068.04
[2026-08-03T06:22:20.483Z] Harga 4068.18
[2026-08-03T06:22:40.499Z] Harga 4068.72
[2026-08-03T06:23:00.526Z] Harga 4068.84
[2026-08-03T06:23:20.551Z] Harga 4070.13
[2026-08-03T06:23:40.568Z] Harga 4070.73
[2026-08-03T06:24:00.595Z] Harga 4070.11
[2026-08-03T06:24:20.610Z] Harga 4070.40
[2026-08-03T06:24:40.628Z] Harga 4070.18
[2026-08-03T06:25:00.649Z] Harga 4071.34
[2026-08-03T06:25:20.674Z] Harga 4071.11
[2026-08-03T06:25:40.694Z] Harga 4070.51
[2026-08-03T06:26:00.710Z] Harga 4069.30
[2026-08-03T06:26:20.732Z] Harga 4069.22
[2026-08-03T06:26:40.758Z] Harga 4068.14
[2026-08-03T06:27:00.780Z] Harga 4067.97
[2026-08-03T06:27:20.803Z] Harga 4067.27
[2026-08-03T06:27:40.824Z] Harga 4067.11
[2026-08-03T06:28:00.840Z] Harga 4067.00
[2026-08-03T06:28:20.861Z] Harga 4068.05
[2026-08-03T06:28:40.906Z] Harga 4067.59
[2026-08-03T06:29:00.931Z] Harga 4068.64
[2026-08-03T06:29:20.950Z] Harga 4068.59
[2026-08-03T06:29:40.963Z] Harga 4068.74
[2026-08-03T06:30:00.980Z] Harga 4069.11
[2026-08-03T06:30:21.005Z] Harga 4068.47
[2026-08-03T06:30:41.029Z] Harga 4067.88
[2026-08-03T06:31:01.052Z] Harga 4067.69
[2026-08-03T06:31:21.079Z] Harga 4067.87
[2026-08-03T06:31:41.095Z] Harga 4066.49
[2026-08-03T06:32:01.116Z] Harga 4066.61
[2026-08-03T06:32:21.142Z] Harga 4067.02
[2026-08-03T06:32:41.168Z] Harga 4067.36
[2026-08-03T06:33:01.188Z] Harga 4065.76
[2026-08-03T06:33:21.216Z] Harga 4066.07
[2026-08-03T06:33:41.230Z] Harga 4066.28
[2026-08-03T06:34:01.253Z] Harga 4065.95
[2026-08-03T06:34:21.274Z] Harga 4065.37
[2026-08-03T06:34:41.294Z] Harga 4064.18
[2026-08-03T06:35:01.313Z] Harga 4061.64
[2026-08-03T06:35:21.329Z] Harga 4061.93
[2026-08-03T06:35:41.344Z] Harga 4064.50
[2026-08-03T06:36:01.357Z] Harga 4062.59
[2026-08-03T06:36:21.373Z] Harga 4065.40
[2026-08-03T06:36:41.406Z] Harga 4065.07
[2026-08-03T06:37:01.427Z] Harga 4065.87
[2026-08-03T06:37:21.451Z] Harga 4065.99
[2026-08-03T06:37:41.468Z] Harga 4065.57
[2026-08-03T06:38:01.504Z] Harga 4065.99
[2026-08-03T06:38:21.524Z] Harga 4066.39
[2026-08-03T06:38:41.543Z] Harga 4066.86
[2026-08-03T06:39:01.559Z] Harga 4066.94
[2026-08-03T06:39:21.572Z] Harga 4067.01
[2026-08-03T06:39:41.591Z] Harga 4067.07
[2026-08-03T06:40:01.615Z] Harga 4066.47
[2026-08-03T06:40:21.641Z] Harga 4066.14
[2026-08-03T06:40:41.675Z] Harga 4066.41
[2026-08-03T06:41:01.690Z] Harga 4066.43
[2026-08-03T06:41:21.703Z] Harga 4065.63
[2026-08-03T06:41:41.725Z] Harga 4065.91
[2026-08-03T06:42:01.743Z] Harga 4065.40
[2026-08-03T06:42:21.756Z] Harga 4065.87
[2026-08-03T06:42:41.772Z] Harga 4065.66
[2026-08-03T06:43:01.822Z] Harga 4065.78
[2026-08-03T06:43:21.849Z] Harga 4065.65
[2026-08-03T06:43:41.877Z] Harga 4065.40
[2026-08-03T06:44:01.914Z] Harga 4065.55
[2026-08-03T06:44:21.938Z] Harga 4064.81
[2026-08-03T06:44:41.960Z] Harga 4064.63
[2026-08-03T06:45:01.987Z] Harga 4065.71
[2026-08-03T06:45:22.008Z] Harga 4065.64
[2026-08-03T06:45:42.041Z] Harga 4065.65
[2026-08-03T06:46:02.080Z] Harga 4065.14
[2026-08-03T06:46:22.095Z] Harga 4064.95
[2026-08-03T06:46:42.116Z] Harga 4066.74
[2026-08-03T06:47:02.133Z] Harga 4066.76
[2026-08-03T06:47:22.166Z] Harga 4066.30
[2026-08-03T06:47:42.180Z] Harga 4066.30
[2026-08-03T06:48:02.205Z] Harga 4065.56
[2026-08-03T06:48:22.221Z] Harga 4065.63
[2026-08-03T06:48:42.244Z] Harga 4065.22
[2026-08-03T06:49:02.268Z] Harga 4065.22
[2026-08-03T06:49:22.294Z] Harga 4063.64
[2026-08-03T06:49:42.314Z] Harga 4063.16
[2026-08-03T06:50:02.341Z] Harga 4063.59
[2026-08-03T06:50:22.366Z] Harga 4063.39
[2026-08-03T06:50:42.399Z] Harga 4063.32
[2026-08-03T06:51:02.416Z] Harga 4063.57
[2026-08-03T06:51:22.444Z] Harga 4064.80
[2026-08-03T06:51:42.471Z] Harga 4064.80
[2026-08-03T06:52:02.493Z] Harga 4064.39
[2026-08-03T06:52:22.519Z] Harga 4064.61
[2026-08-03T06:52:42.549Z] Harga 4064.29
[2026-08-03T06:53:02.572Z] Harga 4064.48
[2026-08-03T06:53:22.593Z] Harga 4064.55
[2026-08-03T06:53:42.624Z] Harga 4063.59
[2026-08-03T06:54:02.650Z] Harga 4063.67
[2026-08-03T06:54:22.680Z] Harga 4063.36
[2026-08-03T06:54:42.706Z] Harga 4063.55
[2026-08-03T06:55:02.745Z] Harga 4064.55
[2026-08-03T06:55:22.768Z] Harga 4064.05
[2026-08-03T06:55:42.793Z] Harga 4064.47
[2026-08-03T06:56:02.810Z] Harga 4064.20
[2026-08-03T06:56:22.839Z] Harga 4063.98
[2026-08-03T06:56:42.868Z] Harga 4064.39
[2026-08-03T06:57:02.916Z] Harga 4064.53
[2026-08-03T06:57:22.938Z] Harga 4064.53
[2026-08-03T06:57:42.957Z] Harga 4064.91
[2026-08-03T06:58:02.984Z] Harga 4066.16
[2026-08-03T06:58:23.015Z] Harga 4066.33
[2026-08-03T06:58:43.043Z] Harga 4065.75
[2026-08-03T06:59:03.064Z] Harga 4065.16
[2026-08-03T06:59:23.100Z] Harga 4065.32
[2026-08-03T06:59:43.126Z] Harga 4064.62
[2026-08-03T07:00:03.154Z] Harga 4064.26
[2026-08-03T07:00:23.176Z] Harga 4063.32
[2026-08-03T07:00:43.203Z] Harga 4063.32
[2026-08-03T07:01:03.228Z] Harga 4064.94
[2026-08-03T07:01:23.246Z] Harga 4064.39
[2026-08-03T07:01:43.275Z] Harga 4063.24
[2026-08-03T07:02:03.291Z] Harga 4062.99
[2026-08-03T07:02:23.313Z] Harga 4062.31
[2026-08-03T07:02:43.337Z] Harga 4062.27
[2026-08-03T07:03:03.364Z] Harga 4062.19
[2026-08-03T07:03:23.383Z] Harga 4061.91
[2026-08-03T07:03:43.444Z] Harga 4061.68
[2026-08-03T07:04:03.465Z] Harga 4060.45
[2026-08-03T07:04:23.493Z] Harga 4060.57
[2026-08-03T07:04:43.517Z] Harga 4060.51
[2026-08-03T07:05:03.543Z] Harga 4061.34
[2026-08-03T07:05:23.575Z] Harga 4061.01
[2026-08-03T07:05:43.603Z] Harga 4061.20
[2026-08-03T07:06:03.636Z] Harga 4061.74
[2026-08-03T07:06:23.661Z] Harga 4061.57
[2026-08-03T07:06:43.691Z] Harga 4061.86
[2026-08-03T07:07:03.721Z] Harga 4060.64
[2026-08-03T07:07:23.741Z] Harga 4060.99
[2026-08-03T07:07:43.765Z] Harga 4061.38
[2026-08-03T07:08:03.794Z] Harga 4061.95
[2026-08-03T07:08:23.814Z] Harga 4061.18
[2026-08-03T07:08:43.838Z] Harga 4061.30
[2026-08-03T07:09:03.871Z] Harga 4061.53
[2026-08-03T07:09:23.913Z] Harga 4062.86
[2026-08-03T07:09:43.937Z] Harga 4063.47
[2026-08-03T07:10:03.979Z] Harga 4063.34
[2026-08-03T07:10:24.002Z] Harga 4063.45
[2026-08-03T07:10:44.025Z] Harga 4063.49
[2026-08-03T07:11:04.054Z] Harga 4063.59
[2026-08-03T07:11:24.121Z] Harga 4064.30
[2026-08-03T07:11:44.144Z] Harga 4064.21
[2026-08-03T07:12:04.175Z] Harga 4062.83
[2026-08-03T07:12:24.202Z] Harga 4062.82
[2026-08-03T07:12:44.221Z] Harga 4063.55
[2026-08-03T07:13:04.239Z] Harga 4064.09
[2026-08-03T07:13:24.262Z] Harga 4063.46
[2026-08-03T07:13:44.291Z] Harga 4062.99
[2026-08-03T07:14:04.325Z] Harga 4063.11
[2026-08-03T07:14:24.349Z] Harga 4062.95
[2026-08-03T07:14:44.376Z] Harga 4063.28
[2026-08-03T07:15:04.423Z] Harga 4061.63
[2026-08-03T07:15:24.443Z] Harga 4061.90
[2026-08-03T07:15:44.468Z] Harga 4061.76
[2026-08-03T07:16:04.499Z] Harga 4061.61
[2026-08-03T07:16:24.530Z] Harga 4061.36
[2026-08-03T07:16:44.558Z] Harga 4061.10
[2026-08-03T07:17:04.579Z] Harga 4059.76
[2026-08-03T07:17:24.635Z] Harga 4059.60
[2026-08-03T07:17:44.655Z] Harga 4056.01
[2026-08-03T07:18:04.683Z] Harga 4055.49
[2026-08-03T07:18:24.701Z] Harga 4055.68
[2026-08-03T07:18:44.729Z] Harga 4054.57
[2026-08-03T07:19:04.758Z] Harga 4055.53
[2026-08-03T07:19:24.785Z] Harga 4055.61
[2026-08-03T07:19:44.806Z] Harga 4054.39
[2026-08-03T07:20:04.861Z] Harga 4054.85
[2026-08-03T07:20:24.899Z] Harga 4053.59
[2026-08-03T07:20:44.927Z] Harga 4053.53
[2026-08-03T07:21:04.951Z] Harga 4053.45
[2026-08-03T07:21:24.983Z] Harga 4053.68
[2026-08-03T07:21:45.003Z] Harga 4053.49
[2026-08-03T07:22:05.034Z] Harga 4054.76
[2026-08-03T07:22:25.058Z] Harga 4054.18
[2026-08-03T07:22:45.090Z] Harga 4055.16
[2026-08-03T07:23:05.120Z] Harga 4055.34
[2026-08-03T07:23:25.140Z] Harga 4055.11
[2026-08-03T07:23:45.160Z] Harga 4055.90
[2026-08-03T07:24:05.202Z] Harga 4055.55
[2026-08-03T07:24:25.227Z] Harga 4054.95
[2026-08-03T07:24:45.262Z] Harga 4054.82
[2026-08-03T07:25:05.283Z] Harga 4055.56
[2026-08-03T07:25:25.304Z] Harga 4056.29
[2026-08-03T07:25:45.326Z] Harga 4056.78
[2026-08-03T07:26:05.346Z] Harga 4056.24
[2026-08-03T07:26:25.375Z] Harga 4056.57
[2026-08-03T07:26:45.431Z] Harga 4058.29
[2026-08-03T07:27:05.449Z] Harga 4058.55
[2026-08-03T07:27:25.470Z] Harga 4058.90
[2026-08-03T07:27:45.492Z] Harga 4058.52
[2026-08-03T07:28:05.516Z] Harga 4058.76
[2026-08-03T07:28:25.542Z] Harga 4058.55
[2026-08-03T07:28:45.562Z] Harga 4058.68
[2026-08-03T07:29:05.589Z] Harga 4058.59
[2026-08-03T07:29:25.613Z] Harga 4058.70
[2026-08-03T07:29:45.636Z] Harga 4058.82
[2026-08-03T07:30:05.692Z] Harga 4058.32
[2026-08-03T07:30:25.710Z] Harga 4058.47
[2026-08-03T07:30:45.731Z] Harga 4058.80
[2026-08-03T07:31:05.763Z] Harga 4058.73
[2026-08-03T07:31:25.795Z] Harga 4058.83
[2026-08-03T07:31:45.821Z] Harga 4058.99
[2026-08-03T07:32:05.852Z] Harga 4058.67
[2026-08-03T07:32:25.884Z] Harga 4059.32
[2026-08-03T07:32:45.919Z] Harga 4059.41
[2026-08-03T07:33:05.953Z] Harga 4059.41
[2026-08-03T07:33:25.973Z] Harga 4059.36
[2026-08-03T07:33:46.002Z] Harga 4059.57
[2026-08-03T07:34:06.028Z] Harga 4059.14
[2026-08-03T07:34:26.051Z] Harga 4059.49
[2026-08-03T07:34:46.100Z] Harga 4059.18
[2026-08-03T07:35:06.121Z] Harga 4060.11
[2026-08-03T07:35:26.147Z] Harga 4060.72
[2026-08-03T07:35:46.171Z] Harga 4061.18
[2026-08-03T07:36:06.191Z] Harga 4060.59
[2026-08-03T07:36:26.216Z] Harga 4059.38
[2026-08-03T07:36:46.244Z] Harga 4058.53
[2026-08-03T07:37:06.270Z] Harga 4057.74
[2026-08-03T07:37:26.291Z] Harga 4058.30
[2026-08-03T07:37:46.312Z] Harga 4057.51
[2026-08-03T07:38:06.369Z] Harga 4056.84
[2026-08-03T07:38:26.417Z] Harga 4057.24
[2026-08-03T07:38:46.446Z] Harga 4057.28
[2026-08-03T07:39:06.477Z] Harga 4057.88
[2026-08-03T07:39:26.496Z] Harga 4059.57
[2026-08-03T07:39:46.518Z] Harga 4059.62
[2026-08-03T07:40:06.550Z] Harga 4059.86
[2026-08-03T07:40:26.575Z] Harga 4059.18
[2026-08-03T07:40:46.597Z] Harga 4058.63
[2026-08-03T07:41:06.616Z] Harga 4058.71
[2026-08-03T07:41:26.639Z] Harga 4058.72
[2026-08-03T07:41:46.658Z] Harga 4059.49
[2026-08-03T07:42:06.685Z] Harga 4058.64
[2026-08-03T07:42:26.703Z] Harga 4058.91
[2026-08-03T07:42:46.739Z] Harga 4058.95
[2026-08-03T07:43:06.771Z] Harga 4058.72
[2026-08-03T07:43:26.794Z] Harga 4058.80
[2026-08-03T07:43:46.820Z] Harga 4059.26
[2026-08-03T07:44:06.852Z] Harga 4058.99
[2026-08-03T07:44:26.884Z] Harga 4058.97
[2026-08-03T07:44:46.925Z] Harga 4059.29
[2026-08-03T07:45:06.953Z] Harga 4059.55
[2026-08-03T07:45:26.972Z] Harga 4059.99
[2026-08-03T07:45:47.001Z] Harga 4059.72
[2026-08-03T07:46:07.025Z] Harga 4059.70
[2026-08-03T07:46:27.057Z] Harga 4059.68
[2026-08-03T07:46:47.105Z] Harga 4060.11
[2026-08-03T07:47:07.126Z] Harga 4059.71
[2026-08-03T07:47:27.152Z] Harga 4058.74
[2026-08-03T07:47:47.177Z] Harga 4059.20
[2026-08-03T07:48:07.207Z] Harga 4058.74
[2026-08-03T07:48:27.234Z] Harga 4059.20
[2026-08-03T07:48:47.260Z] Harga 4058.83
[2026-08-03T07:49:07.313Z] Harga 4059.07
[2026-08-03T07:49:27.336Z] Harga 4060.36
[2026-08-03T07:49:47.360Z] Harga 4061.20
[2026-08-03T07:50:07.398Z] Harga 4060.61
[2026-08-03T07:50:27.428Z] Harga 4059.66
[2026-08-03T07:50:47.464Z] Harga 4059.72
[2026-08-03T07:51:07.504Z] Harga 4059.66
[2026-08-03T07:51:27.532Z] Harga 4059.88
[2026-08-03T07:51:47.558Z] Harga 4060.01
[2026-08-03T07:52:07.586Z] Harga 4060.41
[2026-08-03T07:52:27.609Z] Harga 4060.29
[2026-08-03T07:52:47.644Z] Harga 4060.34
[2026-08-03T07:53:07.682Z] Harga 4061.27
[2026-08-03T07:53:27.721Z] Harga 4061.28
[2026-08-03T07:53:47.740Z] Harga 4061.80
[2026-08-03T07:54:07.771Z] Harga 4061.87
[2026-08-03T07:54:27.799Z] Harga 4061.72
[2026-08-03T07:54:47.818Z] Harga 4063.24
[2026-08-03T07:55:07.846Z] Harga 4062.68
[2026-08-03T07:55:27.867Z] Harga 4062.84
[2026-08-03T07:55:47.921Z] Harga 4062.76
[2026-08-03T07:56:07.947Z] Harga 4061.74
[2026-08-03T07:56:27.973Z] Harga 4061.24
[2026-08-03T07:56:48.005Z] Harga 4061.24
[2026-08-03T07:57:08.029Z] Harga 4061.49
[2026-08-03T07:57:28.061Z] Harga 4061.39
[2026-08-03T07:57:48.104Z] Harga 4061.28
[2026-08-03T07:58:08.134Z] Harga 4061.30
[2026-08-03T07:58:28.162Z] Harga 4061.43
[2026-08-03T07:58:48.184Z] Harga 4061.51
[2026-08-03T07:59:08.208Z] Harga 4061.36
[2026-08-03T07:59:28.233Z] Harga 4061.71
[2026-08-03T07:59:48.266Z] Harga 4061.43
[2026-08-03T08:00:08.300Z] Harga 4061.10
[2026-08-03T08:00:28.334Z] Harga 4060.28
[2026-08-03T08:00:48.366Z] Harga 4060.80
[2026-08-03T08:01:08.427Z] Harga 4060.78
[2026-08-03T08:01:28.451Z] Harga 4060.03
[2026-08-03T08:01:48.482Z] Harga 4059.72
[2026-08-03T08:02:08.506Z] Harga 4059.78
[2026-08-03T08:02:28.542Z] Harga 4059.88
[2026-08-03T08:02:48.575Z] Harga 4059.59
[2026-08-03T08:03:08.598Z] Harga 4059.33
[2026-08-03T08:03:28.622Z] Harga 4059.28
[2026-08-03T08:03:48.646Z] Harga 4060.01
[2026-08-03T08:04:08.808Z] Harga 4058.58
[2026-08-03T08:04:28.837Z] Harga 4059.77
[2026-08-03T08:04:48.864Z] Harga 4060.99
[2026-08-03T08:05:08.923Z] Harga 4060.89
[2026-08-03T08:05:28.949Z] Harga 4061.46
[2026-08-03T08:05:48.971Z] Harga 4060.95
[2026-08-03T08:06:09.004Z] Harga 4060.41
[2026-08-03T08:06:29.029Z] Harga 4060.20
[2026-08-03T08:06:49.052Z] Harga 4060.39
[2026-08-03T08:07:09.093Z] Harga 4061.18
[2026-08-03T08:07:29.128Z] Harga 4060.79
[2026-08-03T08:07:49.149Z] Harga 4060.64
[2026-08-03T08:08:09.175Z] Harga 4060.41
[2026-08-03T08:08:29.202Z] Harga 4059.85
[2026-08-03T08:08:49.235Z] Harga 4059.99
[2026-08-03T08:09:09.262Z] Harga 4060.33
[2026-08-03T08:09:29.294Z] Harga 4061.11
[2026-08-03T08:09:49.324Z] Harga 4061.29
[2026-08-03T08:10:09.355Z] Harga 4060.62
[2026-08-03T08:10:29.379Z] Harga 4060.47
[2026-08-03T08:10:49.423Z] Harga 4060.41
[2026-08-03T08:11:09.475Z] Harga 4059.89
[2026-08-03T08:11:29.501Z] Harga 4061.57
[2026-08-03T08:11:49.531Z] Harga 4060.80
[2026-08-03T08:12:09.583Z] Harga 4060.94
[2026-08-03T08:12:29.610Z] Harga 4061.01
[2026-08-03T08:12:49.640Z] Harga 4060.63
[2026-08-03T08:13:09.667Z] Harga 4060.19
[2026-08-03T08:13:29.693Z] Harga 4060.30
[2026-08-03T08:13:49.716Z] Harga 4060.76
[2026-08-03T08:14:09.735Z] Harga 4061.78
[2026-08-03T08:14:29.762Z] Harga 4061.37
[2026-08-03T08:14:49.782Z] Harga 4061.82
[2026-08-03T08:15:09.813Z] Harga 4061.95
[2026-08-03T08:15:29.838Z] Harga 4062.49
[2026-08-03T08:15:49.872Z] Harga 4061.74
[2026-08-03T08:16:09.917Z] Harga 4061.59
[2026-08-03T08:16:29.950Z] Harga 4061.11
[2026-08-03T08:16:49.982Z] Harga 4060.95
[2026-08-03T08:17:10.010Z] Harga 4060.76
[2026-08-03T08:17:30.039Z] Harga 4059.89
[2026-08-03T08:17:50.063Z] Harga 4059.60
[2026-08-03T08:18:10.102Z] Harga 4059.01
[2026-08-03T08:18:30.132Z] Harga 4058.61
[2026-08-03T08:18:50.199Z] Harga 4058.49
[2026-08-03T08:19:10.223Z] Harga 4057.82
[2026-08-03T08:19:30.251Z] Harga 4057.14
[2026-08-03T08:19:50.287Z] Harga 4057.14
[2026-08-03T08:20:10.310Z] Harga 4057.95
[2026-08-03T08:20:30.339Z] Harga 4058.45
[2026-08-03T08:20:50.370Z] Harga 4057.98
[2026-08-03T08:21:10.429Z] Harga 4058.32
[2026-08-03T08:21:30.453Z] Harga 4058.86
[2026-08-03T08:21:50.476Z] Harga 4058.81
[2026-08-03T08:22:10.497Z] Harga 4058.84
[2026-08-03T08:22:30.526Z] Harga 4058.55
[2026-08-03T08:22:50.558Z] Harga 4058.78
[2026-08-03T08:23:10.591Z] Harga 4059.04
[2026-08-03T08:23:30.626Z] Harga 4059.14
[2026-08-03T08:23:50.649Z] Harga 4058.86
[2026-08-03T08:24:10.674Z] Harga 4058.86
[2026-08-03T08:24:30.700Z] Harga 4058.42
[2026-08-03T08:24:50.722Z] Harga 4058.63
[2026-08-03T08:25:10.751Z] Harga 4058.84
[2026-08-03T08:25:30.776Z] Harga 4060.13
[2026-08-03T08:25:50.807Z] Harga 4058.93
[2026-08-03T08:26:10.838Z] Harga 4059.16
[2026-08-03T08:26:30.858Z] Harga 4058.89
[2026-08-03T08:26:50.885Z] Harga 4058.38
[2026-08-03T08:27:10.920Z] Harga 4057.64
[2026-08-03T08:27:30.944Z] Harga 4057.20
[2026-08-03T08:27:50.969Z] Harga 4056.30
[2026-08-03T08:28:10.999Z] Harga 4056.18
[2026-08-03T08:28:31.022Z] Harga 4057.03
[2026-08-03T08:28:51.055Z] Harga 4057.09
[2026-08-03T08:29:11.102Z] Harga 4056.99
[2026-08-03T08:29:31.127Z] Harga 4055.74
[2026-08-03T08:29:51.153Z] Harga 4054.64
[2026-08-03T08:30:11.180Z] Harga 4056.24
[2026-08-03T08:30:31.220Z] Harga 4055.77
[2026-08-03T08:30:51.247Z] Harga 4055.35
[2026-08-03T08:31:11.281Z] Harga 4056.76
[2026-08-03T08:31:31.312Z] Harga 4057.22
[2026-08-03T08:31:51.346Z] Harga 4057.07
[2026-08-03T08:32:11.372Z] Harga 4057.14
[2026-08-03T08:32:31.421Z] Harga 4057.55
[2026-08-03T08:32:51.444Z] Harga 4057.99
[2026-08-03T08:33:11.474Z] Harga 4058.20
[2026-08-03T08:33:31.506Z] Harga 4056.24
[2026-08-03T08:33:51.532Z] Harga 4056.59
[2026-08-03T08:34:11.561Z] Harga 4056.39
[2026-08-03T08:34:31.596Z] Harga 4056.11
[2026-08-03T08:34:51.629Z] Harga 4056.61
[2026-08-03T08:35:11.655Z] Harga 4056.24
[2026-08-03T08:35:31.694Z] Harga 4055.56
[2026-08-03T08:35:51.719Z] Harga 4056.19
[2026-08-03T08:36:11.751Z] Harga 4058.98
[2026-08-03T08:36:31.777Z] Harga 4058.51
[2026-08-03T08:36:51.811Z] Harga 4058.97
[2026-08-03T08:37:11.842Z] Harga 4059.34
[2026-08-03T08:37:31.873Z] Harga 4058.41
[2026-08-03T08:37:51.927Z] Harga 4058.07
[2026-08-03T08:38:11.954Z] Harga 4058.08
[2026-08-03T08:38:31.977Z] Harga 4058.01
[2026-08-03T08:38:52.011Z] Harga 4058.51
[2026-08-03T08:39:12.044Z] Harga 4058.82
[2026-08-03T08:39:32.094Z] Harga 4059.11
[2026-08-03T08:39:52.123Z] Harga 4060.53
[2026-08-03T08:40:12.148Z] Harga 4059.96
[2026-08-03T08:40:32.176Z] Harga 4059.66
[2026-08-03T08:40:52.241Z] Harga 4059.59
[2026-08-03T08:41:12.270Z] Harga 4059.24
[2026-08-03T08:41:32.291Z] Harga 4059.26
[2026-08-03T08:41:52.324Z] Harga 4059.07
[2026-08-03T08:42:12.348Z] Harga 4059.09
[2026-08-03T08:42:32.377Z] Harga 4059.49
[2026-08-03T08:42:52.430Z] Harga 4059.57
[2026-08-03T08:43:12.453Z] Harga 4059.99
[2026-08-03T08:43:32.484Z] Harga 4059.83
[2026-08-03T08:43:52.513Z] Harga 4059.68
[2026-08-03T08:44:12.544Z] Harga 4058.41
[2026-08-03T08:44:32.567Z] Harga 4058.70
[2026-08-03T08:44:52.594Z] Harga 4058.76
[2026-08-03T08:45:12.629Z] Harga 4058.49
[2026-08-03T08:45:32.666Z] Harga 4058.15
[2026-08-03T08:45:52.696Z] Harga 4058.72
[2026-08-03T08:46:12.725Z] Harga 4057.68
[2026-08-03T08:46:32.763Z] Harga 4058.51
[2026-08-03T08:46:52.804Z] Harga 4058.74
[2026-08-03T08:47:12.829Z] Harga 4058.68
[2026-08-03T08:47:32.860Z] Harga 4058.63
[2026-08-03T08:47:52.921Z] Harga 4058.32
[2026-08-03T08:48:12.953Z] Harga 4058.20
[2026-08-03T08:48:32.987Z] Harga 4058.07
[2026-08-03T08:48:53.009Z] Harga 4058.97
[2026-08-03T08:49:13.040Z] Harga 4059.26
[2026-08-03T08:49:33.065Z] Harga 4059.61
[2026-08-03T08:49:53.099Z] Harga 4058.96
[2026-08-03T08:50:13.123Z] Harga 4059.84
[2026-08-03T08:50:33.157Z] Harga 4059.88
[2026-08-03T08:50:53.175Z] Harga 4059.64
[2026-08-03T08:51:13.205Z] Harga 4059.05
[2026-08-03T08:51:33.238Z] Harga 4058.83
[2026-08-03T08:51:53.272Z] Harga 4059.59
[2026-08-03T08:52:13.300Z] Harga 4059.55
[2026-08-03T08:52:33.321Z] Harga 4058.78
[2026-08-03T08:52:53.352Z] Harga 4059.04
[2026-08-03T08:53:13.385Z] Harga 4058.82
[2026-08-03T08:53:33.442Z] Harga 4058.32
[2026-08-03T08:53:53.471Z] Harga 4058.62
[2026-08-03T08:54:13.504Z] Harga 4058.95
[2026-08-03T08:54:33.529Z] Harga 4058.93
[2026-08-03T08:54:53.556Z] Harga 4059.23
[2026-08-03T08:55:13.593Z] Harga 4059.55
[2026-08-03T08:55:33.614Z] Harga 4060.41
[2026-08-03T08:55:53.638Z] Harga 4060.76
[2026-08-03T08:56:13.659Z] Harga 4060.24
[2026-08-03T08:56:33.678Z] Harga 4060.51
[2026-08-03T08:56:53.712Z] Harga 4060.07
[2026-08-03T08:57:13.748Z] Harga 4060.03
[2026-08-03T08:57:33.769Z] Harga 4059.65
[2026-08-03T08:57:53.798Z] Harga 4059.70
[2026-08-03T08:58:13.834Z] Harga 4059.01
[2026-08-03T08:58:33.861Z] Harga 4058.81
[2026-08-03T08:58:53.928Z] Harga 4059.08
[2026-08-03T08:59:13.960Z] Harga 4058.94
[2026-08-03T08:59:34.089Z] Harga 4058.97
[2026-08-03T08:59:54.119Z] Harga 4059.47
[2026-08-03T09:00:14.161Z] Harga 4059.59
[2026-08-03T09:00:34.184Z] Harga 4060.02
[2026-08-03T09:00:54.218Z] Harga 4060.24
[2026-08-03T09:01:14.243Z] Harga 4059.09
[2026-08-03T09:01:34.269Z] Harga 4058.82
[2026-08-03T09:01:54.288Z] Harga 4058.39
[2026-08-03T09:02:14.321Z] Harga 4057.91
[2026-08-03T09:02:34.356Z] Harga 4058.14
[2026-08-03T09:02:54.404Z] Harga 4058.20
[2026-08-03T09:03:14.454Z] Harga 4058.38
[2026-08-03T09:03:34.488Z] Harga 4058.80
[2026-08-03T09:03:54.516Z] Harga 4058.43
[2026-08-03T09:04:14.541Z] Harga 4058.05
[2026-08-03T09:04:34.564Z] Harga 4058.32
[2026-08-03T09:04:54.585Z] Harga 4057.66
[2026-08-03T09:05:14.630Z] Harga 4057.43
[2026-08-03T09:05:34.664Z] Harga 4057.58
[2026-08-03T09:05:54.684Z] Harga 4058.18
[2026-08-03T09:06:14.709Z] Harga 4058.20
[2026-08-03T09:06:34.742Z] Harga 4058.28
[2026-08-03T09:06:54.762Z] Harga 4059.13
[2026-08-03T09:07:14.801Z] Harga 4059.20
[2026-08-03T09:07:34.821Z] Harga 4058.81
[2026-08-03T09:07:54.843Z] Harga 4059.11
[2026-08-03T09:08:14.892Z] Harga 4058.49
[2026-08-03T09:08:34.947Z] Harga 4058.73
[2026-08-03T09:08:54.978Z] Harga 4059.00
[2026-08-03T09:09:14.999Z] Harga 4058.58
[2026-08-03T09:09:35.026Z] Harga 4058.91
[2026-08-03T09:09:55.065Z] Harga 4058.72
[2026-08-03T09:10:15.121Z] Harga 4059.51
[2026-08-03T09:10:35.143Z] Harga 4059.91
[2026-08-03T09:10:55.163Z] Harga 4059.93
[2026-08-03T09:11:15.189Z] Harga 4059.59
[2026-08-03T09:11:35.214Z] Harga 4060.26
[2026-08-03T09:11:55.245Z] Harga 4060.11
[2026-08-03T09:12:15.346Z] Harga 4059.88
[2026-08-03T09:12:35.375Z] Harga 4060.18
[2026-08-03T09:12:55.433Z] Harga 4060.55
[2026-08-03T09:13:15.461Z] Harga 4061.59
[2026-08-03T09:13:35.495Z] Harga 4060.79
[2026-08-03T09:13:55.520Z] Harga 4062.03
[2026-08-03T09:14:15.542Z] Harga 4061.57
[2026-08-03T09:14:35.601Z] Harga 4061.24
[2026-08-03T09:14:55.627Z] Harga 4061.31
[2026-08-03T09:15:15.648Z] Harga 4061.00
[2026-08-03T09:15:35.735Z] Harga 4060.86
[2026-08-03T09:15:55.758Z] Harga 4060.20
[2026-08-03T09:16:15.779Z] Harga 4060.95
[2026-08-03T09:16:35.802Z] Harga 4060.84
[2026-08-03T09:16:55.833Z] Harga 4059.87
[2026-08-03T09:17:15.856Z] Harga 4060.30
[2026-08-03T09:17:35.884Z] Harga 4060.34
[2026-08-03T09:17:55.964Z] Harga 4059.67
[2026-08-03T09:18:16.000Z] Harga 4059.30
[2026-08-03T09:18:36.021Z] Harga 4058.86
[2026-08-03T09:18:56.046Z] Harga 4059.28
[2026-08-03T09:19:16.091Z] Harga 4058.78
[2026-08-03T09:19:36.118Z] Harga 4058.87
[2026-08-03T09:19:56.145Z] Harga 4058.82
[2026-08-03T09:20:16.168Z] Harga 4058.61
[2026-08-03T09:20:36.198Z] Harga 4058.57
[2026-08-03T09:20:56.230Z] Harga 4058.70
[2026-08-03T09:21:16.252Z] Harga 4058.53
[2026-08-03T09:21:36.285Z] Harga 4056.34
[2026-08-03T09:21:56.317Z] Harga 4054.93
[2026-08-03T09:22:16.347Z] Harga 4054.79
[2026-08-03T09:22:36.375Z] Harga 4054.97
[2026-08-03T09:22:56.480Z] Harga 4055.05
[2026-08-03T09:23:16.507Z] Harga 4054.61
[2026-08-03T09:23:36.532Z] Harga 4054.99
[2026-08-03T09:23:56.564Z] Harga 4054.61
[2026-08-03T09:24:16.591Z] Harga 4054.41
[2026-08-03T09:24:36.620Z] Harga 4055.02
[2026-08-03T09:24:56.650Z] Harga 4055.38
[2026-08-03T09:25:16.670Z] Harga 4055.84
[2026-08-03T09:25:36.703Z] Harga 4054.91
[2026-08-03T09:25:56.729Z] Harga 4055.22
[2026-08-03T09:26:16.763Z] Harga 4054.41
[2026-08-03T09:26:36.792Z] Harga 4054.18
[2026-08-03T09:26:56.819Z] Harga 4053.39
[2026-08-03T09:27:16.848Z] Harga 4053.45
[2026-08-03T09:27:36.875Z] Harga 4053.89
[2026-08-03T09:27:56.946Z] Harga 4052.88
[2026-08-03T09:28:16.965Z] Harga 4052.55
[2026-08-03T09:28:36.991Z] Harga 4052.91
[2026-08-03T09:28:57.019Z] Harga 4052.47
[2026-08-03T09:29:17.050Z] Harga 4053.18
[2026-08-03T09:29:37.099Z] Harga 4053.01
[2026-08-03T09:29:57.129Z] Harga 4052.71
[2026-08-03T09:30:17.149Z] Harga 4052.91
[2026-08-03T09:30:37.180Z] Harga 4052.05
[2026-08-03T09:30:57.214Z] Harga 4050.38
[2026-08-03T09:31:17.254Z] Harga 4049.34 | 🟢 TP1 4050 HIT! catat: bukitp1 4065 4050
[2026-08-03T09:31:37.273Z] Harga 4049.97
[2026-08-03T09:31:57.297Z] Harga 4048.36
[2026-08-03T09:32:17.329Z] Harga 4049.36
[2026-08-03T09:32:37.362Z] Harga 4047.61
[2026-08-03T09:32:57.415Z] Harga 4047.78
[2026-08-03T09:33:17.459Z] Harga 4049.21
[2026-08-03T09:33:37.482Z] Harga 4049.05
[2026-08-03T09:33:57.512Z] Harga 4047.14
[2026-08-03T09:34:17.545Z] Harga 4047.93
[2026-08-03T09:34:37.568Z] Harga 4048.07
[2026-08-03T09:34:57.588Z] Harga 4047.72
[2026-08-03T09:35:17.615Z] Harga 4046.86
[2026-08-03T09:35:37.646Z] Harga 4046.97
[2026-08-03T09:35:57.668Z] Harga 4048.12
[2026-08-03T09:36:17.702Z] Harga 4049.76
[2026-08-03T09:36:37.735Z] Harga 4050.53
[2026-08-03T09:36:57.767Z] Harga 4049.86
[2026-08-03T09:37:17.793Z] Harga 4050.14
[2026-08-03T09:37:37.816Z] Harga 4049.84
[2026-08-03T09:37:57.848Z] Harga 4050.94
[2026-08-03T09:38:17.874Z] Harga 4051.05
[2026-08-03T09:38:37.939Z] Harga 4051.51
[2026-08-03T09:38:57.961Z] Harga 4052.67
[2026-08-03T09:39:17.980Z] Harga 4051.70
[2026-08-03T09:39:38.012Z] Harga 4051.56
[2026-08-03T09:39:58.041Z] Harga 4051.51
[2026-08-03T09:40:18.069Z] Harga 4052.99
[2026-08-03T09:40:38.112Z] Harga 4053.32
[2026-08-03T09:40:58.132Z] Harga 4052.78
[2026-08-03T09:41:18.158Z] Harga 4053.30
[2026-08-03T09:41:38.189Z] Harga 4053.05
[2026-08-03T09:41:58.209Z] Harga 4053.30
[2026-08-03T09:42:18.240Z] Harga 4053.05
[2026-08-03T09:42:38.270Z] Harga 4052.77
[2026-08-03T09:42:58.300Z] Harga 4051.62
[2026-08-03T09:43:18.333Z] Harga 4052.32
[2026-08-03T09:43:38.357Z] Harga 4051.91
[2026-08-03T09:43:58.400Z] Harga 4052.29
[2026-08-03T09:44:18.446Z] Harga 4054.00
[2026-08-03T09:44:38.472Z] Harga 4054.07
[2026-08-03T09:44:58.496Z] Harga 4053.78
[2026-08-03T09:45:18.525Z] Harga 4054.09
[2026-08-03T09:45:38.559Z] Harga 4053.88
[2026-08-03T09:45:58.585Z] Harga 4054.85
[2026-08-03T09:46:18.622Z] Harga 4055.59
[2026-08-03T09:46:38.647Z] Harga 4054.16
[2026-08-03T09:46:58.679Z] Harga 4054.53
[2026-08-03T09:47:18.713Z] Harga 4055.11
[2026-08-03T09:47:38.737Z] Harga 4055.09
[2026-08-03T09:47:58.771Z] Harga 4054.32
[2026-08-03T09:48:18.798Z] Harga 4054.96
[2026-08-03T09:48:38.832Z] Harga 4055.68
[2026-08-03T09:48:58.852Z] Harga 4056.07
[2026-08-03T09:49:18.882Z] Harga 4055.89
[2026-08-03T09:49:38.948Z] Harga 4056.30
[2026-08-03T09:49:58.974Z] Harga 4056.82
[2026-08-03T09:50:19.000Z] Harga 4056.51
[2026-08-03T09:50:39.022Z] Harga 4057.26
[2026-08-03T09:50:59.056Z] Harga 4057.39
[2026-08-03T09:51:19.109Z] Harga 4057.80
[2026-08-03T09:51:39.134Z] Harga 4057.86
[2026-08-03T09:51:59.166Z] Harga 4057.36
[2026-08-03T09:52:19.201Z] Harga 4057.09
[2026-08-03T09:52:39.233Z] Harga 4056.86
[2026-08-03T09:52:59.263Z] Harga 4056.38
[2026-08-03T09:53:19.299Z] Harga 4056.57
[2026-08-03T09:53:39.371Z] Harga 4056.36
[2026-08-03T09:53:59.442Z] Harga 4056.47
[2026-08-03T09:54:19.469Z] Harga 4056.45
[2026-08-03T09:54:39.497Z] Harga 4057.26
[2026-08-03T09:54:59.522Z] Harga 4057.53
[2026-08-03T09:55:19.543Z] Harga 4056.87
[2026-08-03T09:55:39.571Z] Harga 4056.74
[2026-08-03T09:55:59.605Z] Harga 4056.74
[2026-08-03T09:56:19.642Z] Harga 4057.53
[2026-08-03T09:56:39.675Z] Harga 4057.93
[2026-08-03T09:56:59.714Z] Harga 4057.41
[2026-08-03T09:57:19.748Z] Harga 4057.72
[2026-08-03T09:57:39.775Z] Harga 4057.74
[2026-08-03T09:57:59.853Z] Harga 4056.86
[2026-08-03T09:58:19.882Z] Harga 4057.07
[2026-08-03T09:58:39.960Z] Harga 4057.27
[2026-08-03T09:58:59.998Z] Harga 4055.66
[2026-08-03T09:59:20.027Z] Harga 4054.89
[2026-08-03T09:59:40.061Z] Harga 4054.94
[2026-08-03T10:00:00.110Z] Harga 4055.53
[2026-08-03T10:00:20.161Z] Harga 4055.19
[2026-08-03T10:00:40.195Z] Harga 4054.36
[2026-08-03T10:01:00.239Z] Harga 4054.68
[2026-08-03T10:01:20.279Z] Harga 4053.53
[2026-08-03T10:01:40.301Z] Harga 4054.89
[2026-08-03T10:02:00.324Z] Harga 4055.06
[2026-08-03T10:02:20.347Z] Harga 4054.84
[2026-08-03T10:02:40.377Z] Harga 4055.38
[2026-08-03T10:03:00.451Z] Harga 4055.57
[2026-08-03T10:03:20.487Z] Harga 4055.70
[2026-08-03T10:03:40.532Z] Harga 4055.43
[2026-08-03T10:04:00.567Z] Harga 4056.05
[2026-08-03T10:04:20.591Z] Harga 4055.41
[2026-08-03T10:04:40.619Z] Harga 4055.34
[2026-08-03T10:05:00.650Z] Harga 4055.28
[2026-08-03T10:05:20.680Z] Harga 4054.71
[2026-08-03T10:05:40.718Z] Harga 4054.38
[2026-08-03T10:06:00.751Z] Harga 4054.50
[2026-08-03T10:06:20.773Z] Harga 4055.04
[2026-08-03T10:06:40.803Z] Harga 4054.80
[2026-08-03T10:07:00.832Z] Harga 4055.28
[2026-08-03T10:07:20.862Z] Harga 4055.33
[2026-08-03T10:07:40.903Z] Harga 4054.26
[2026-08-03T10:08:00.953Z] Harga 4054.26
[2026-08-03T10:08:20.985Z] Harga 4054.30
[2026-08-03T10:08:41.015Z] Harga 4054.18
[2026-08-03T10:09:01.047Z] Harga 4054.34
[2026-08-03T10:09:21.101Z] Harga 4053.78
[2026-08-03T10:09:41.127Z] Harga 4054.29
[2026-08-03T10:10:01.158Z] Harga 4053.97
[2026-08-03T10:10:21.188Z] Harga 4054.19
[2026-08-03T10:10:41.213Z] Harga 4054.02
[2026-08-03T10:11:01.241Z] Harga 4054.86
[2026-08-03T10:11:21.262Z] Harga 4055.76
[2026-08-03T10:11:41.298Z] Harga 4056.11
[2026-08-03T10:12:01.329Z] Harga 4055.85
[2026-08-03T10:12:21.364Z] Harga 4055.61
[2026-08-03T10:12:41.429Z] Harga 4056.30
[2026-08-03T10:13:01.475Z] Harga 4056.38
[2026-08-03T10:13:21.496Z] Harga 4056.67
[2026-08-03T10:13:41.520Z] Harga 4056.40
[2026-08-03T10:14:01.550Z] Harga 4056.49
[2026-08-03T10:14:21.575Z] Harga 4056.07
[2026-08-03T10:14:41.600Z] Harga 4056.09
[2026-08-03T10:15:01.639Z] Harga 4056.24
[2026-08-03T10:15:21.667Z] Harga 4056.89
[2026-08-03T10:15:41.769Z] Harga 4056.26
[2026-08-03T10:16:01.813Z] Harga 4055.49
[2026-08-03T10:16:21.837Z] Harga 4055.39
[2026-08-03T10:16:41.874Z] Harga 4055.51
[2026-08-03T10:17:01.963Z] Harga 4055.81
[2026-08-03T10:17:21.984Z] Harga 4055.92
[2026-08-03T10:17:42.013Z] Harga 4055.97
[2026-08-03T10:18:02.090Z] Harga 4054.70
[2026-08-03T10:18:22.123Z] Harga 4054.68
[2026-08-03T10:18:42.157Z] Harga 4054.43
[2026-08-03T10:19:02.239Z] Harga 4055.36
[2026-08-03T10:19:22.278Z] Harga 4055.35
[2026-08-03T10:19:42.303Z] Harga 4055.11
[2026-08-03T10:20:02.327Z] Harga 4055.05
[2026-08-03T10:20:22.356Z] Harga 4054.83
[2026-08-03T10:20:42.410Z] Harga 4055.38
[2026-08-03T10:21:02.473Z] Harga 4055.26
[2026-08-03T10:21:22.500Z] Harga 4055.37
[2026-08-03T10:21:42.524Z] Harga 4055.07
[2026-08-03T10:22:02.555Z] Harga 4052.89
[2026-08-03T10:22:22.585Z] Harga 4052.95
[2026-08-03T10:22:42.609Z] Harga 4053.68
[2026-08-03T10:23:02.638Z] Harga 4055.01
[2026-08-03T10:23:22.666Z] Harga 4055.13
[2026-08-03T10:23:42.693Z] Harga 4053.35
[2026-08-03T10:24:02.743Z] Harga 4053.40
[2026-08-03T10:24:22.775Z] Harga 4054.19
[2026-08-03T10:24:42.801Z] Harga 4053.93
[2026-08-03T10:25:02.822Z] Harga 4053.80
[2026-08-03T10:25:22.862Z] Harga 4053.39
[2026-08-03T10:25:42.883Z] Harga 4053.22
[2026-08-03T10:26:02.967Z] Harga 4052.28
[2026-08-03T10:26:23.009Z] Harga 4052.49
[2026-08-03T10:26:43.044Z] Harga 4053.02
[2026-08-03T10:27:03.085Z] Harga 4053.30
[2026-08-03T10:27:23.119Z] Harga 4053.41
[2026-08-03T10:27:43.150Z] Harga 4053.74
[2026-08-03T10:28:03.179Z] Harga 4053.20
[2026-08-03T10:28:23.205Z] Harga 4053.30
[2026-08-03T10:28:43.229Z] Harga 4054.53
[2026-08-03T10:29:03.252Z] Harga 4054.89
[2026-08-03T10:29:23.281Z] Harga 4053.91
[2026-08-03T10:29:43.316Z] Harga 4053.66
[2026-08-03T10:30:03.344Z] Harga 4053.49
[2026-08-03T10:30:23.376Z] Harga 4053.53
[2026-08-03T10:30:43.455Z] Harga 4053.38
[2026-08-03T10:31:03.480Z] Harga 4053.33
[2026-08-03T10:31:23.519Z] Harga 4053.39
[2026-08-03T10:31:43.546Z] Harga 4052.92
[2026-08-03T10:32:03.571Z] Harga 4053.16
[2026-08-03T10:32:23.601Z] Harga 4053.22
[2026-08-03T10:32:43.634Z] Harga 4051.98
[2026-08-03T10:33:03.659Z] Harga 4050.93
[2026-08-03T10:33:23.685Z] Harga 4051.02
[2026-08-03T10:33:43.708Z] Harga 4050.58
[2026-08-03T10:34:03.733Z] Harga 4052.20
[2026-08-03T10:34:23.760Z] Harga 4052.18
[2026-08-03T10:34:43.786Z] Harga 4052.05
[2026-08-03T10:35:03.818Z] Harga 4051.39
[2026-08-03T10:35:23.845Z] Harga 4051.79
[2026-08-03T10:35:43.872Z] Harga 4051.30
[2026-08-03T10:36:03.955Z] Harga 4051.13
[2026-08-03T10:36:23.981Z] Harga 4051.90
[2026-08-03T10:36:44.036Z] Harga 4051.84
[2026-08-03T10:37:04.085Z] Harga 4052.27
[2026-08-03T10:37:24.126Z] Harga 4052.43
[2026-08-03T10:37:44.151Z] Harga 4052.36
[2026-08-03T10:38:04.179Z] Harga 4052.29
[2026-08-03T10:38:24.202Z] Harga 4052.09
[2026-08-03T10:38:44.233Z] Harga 4051.67
[2026-08-03T10:39:04.262Z] Harga 4051.84
[2026-08-03T10:39:24.307Z] Harga 4051.64
[2026-08-03T10:39:44.345Z] Harga 4051.53
[2026-08-03T10:40:04.380Z] Harga 4052.39
[2026-08-03T10:40:24.464Z] Harga 4051.59
[2026-08-03T10:40:44.487Z] Harga 4050.24
[2026-08-03T10:41:04.515Z] Harga 4051.24
[2026-08-03T10:41:24.547Z] Harga 4051.43
[2026-08-03T10:41:44.580Z] Harga 4051.43
[2026-08-03T10:42:04.613Z] Harga 4050.88
[2026-08-03T10:42:24.645Z] Harga 4050.53
[2026-08-03T10:42:44.676Z] Harga 4048.89
[2026-08-03T10:43:04.700Z] Harga 4049.26
[2026-08-03T10:43:24.734Z] Harga 4049.29
[2026-08-03T10:43:44.768Z] Harga 4049.89
[2026-08-03T10:44:04.801Z] Harga 4049.60
[2026-08-03T10:44:24.828Z] Harga 4049.01
[2026-08-03T10:44:44.862Z] Harga 4049.53
[2026-08-03T10:45:04.885Z] Harga 4049.12
[2026-08-03T10:45:24.962Z] Harga 4048.57
[2026-08-03T10:45:44.984Z] Harga 4048.99
[2026-08-03T10:46:05.024Z] Harga 4049.03
[2026-08-03T10:46:25.053Z] Harga 4049.18
[2026-08-03T10:46:45.115Z] Harga 4049.45
[2026-08-03T10:47:05.145Z] Harga 4049.78
[2026-08-03T10:47:25.170Z] Harga 4050.62
[2026-08-03T10:47:45.198Z] Harga 4049.80
[2026-08-03T10:48:05.232Z] Harga 4049.01
[2026-08-03T10:48:25.260Z] Harga 4049.20
[2026-08-03T10:48:45.289Z] Harga 4049.49
[2026-08-03T10:49:05.313Z] Harga 4049.23
[2026-08-03T10:49:25.343Z] Harga 4049.28
[2026-08-03T10:49:45.379Z] Harga 4048.97
[2026-08-03T10:50:05.472Z] Harga 4048.74
[2026-08-03T10:50:25.503Z] Harga 4048.70
[2026-08-03T10:50:45.540Z] Harga 4048.10
[2026-08-03T10:51:05.574Z] Harga 4047.72
[2026-08-03T10:51:25.603Z] Harga 4047.64
[2026-08-03T10:51:45.629Z] Harga 4047.37
[2026-08-03T10:52:05.665Z] Harga 4047.46
[2026-08-03T10:52:25.690Z] Harga 4046.79
[2026-08-03T10:52:45.716Z] Harga 4046.34
[2026-08-03T10:53:05.750Z] Harga 4046.53
[2026-08-03T10:53:25.786Z] Harga 4047.16
[2026-08-03T10:53:45.815Z] Harga 4046.65
[2026-08-03T10:54:05.850Z] Harga 4047.95
[2026-08-03T10:54:25.894Z] Harga 4048.72
[2026-08-03T10:54:45.966Z] Harga 4048.32
[2026-08-03T10:55:05.998Z] Harga 4048.45
[2026-08-03T10:55:26.031Z] Harga 4048.32
[2026-08-03T10:55:46.059Z] Harga 4049.05
[2026-08-03T10:56:06.110Z] Harga 4049.34
[2026-08-03T10:56:26.136Z] Harga 4048.30
[2026-08-03T10:56:46.171Z] Harga 4048.20
[2026-08-03T10:57:06.202Z] Harga 4047.72
[2026-08-03T10:57:26.230Z] Harga 4047.54
[2026-08-03T10:57:46.281Z] Harga 4047.22
[2026-08-03T10:58:06.307Z] Harga 4047.52
[2026-08-03T10:58:26.344Z] Harga 4047.49
[2026-08-03T10:58:46.375Z] Harga 4047.66
[2026-08-03T10:59:06.452Z] Harga 4048.02
[2026-08-03T10:59:26.485Z] Harga 4047.41
[2026-08-03T10:59:46.520Z] Harga 4048.97
[2026-08-03T11:00:06.611Z] Harga 4049.50
[2026-08-03T11:00:26.709Z] Harga 4049.11
[2026-08-03T11:00:46.777Z] Harga 4049.32
[2026-08-03T11:01:06.861Z] Harga 4049.17
[2026-08-03T11:01:26.940Z] Harga 4048.16
[2026-08-03T11:01:46.988Z] Harga 4048.30
[2026-08-03T11:02:07.024Z] Harga 4048.95
[2026-08-03T11:02:27.066Z] Harga 4048.47
[2026-08-03T11:16:06.937Z] Harga 4048.47
